******************************************************************************
                  TI ARM Linker PC v18.12.3                    
******************************************************************************
>> Linked Tue Apr  8 22:49:23 2025

OUTPUT FILE NAME:   <placa_1.out>
ENTRY POINT SYMBOL: "_c_int00_noargs"  address: 0000138d


MEMORY CONFIGURATION

         name            origin    length      used     unused   attr    fill
----------------------  --------  ---------  --------  --------  ----  --------
  FLASH                 00000000   00040000  00001704  0003e8fc  R  X
  SRAM                  20000000   00008000  00000489  00007b77  RW X


SEGMENT ALLOCATION MAP

run origin  load origin   length   init length attrs members
----------  ----------- ---------- ----------- ----- -------
00000000    00000000    00001708   00001708    r-x
  00000000    00000000    0000026c   0000026c    r-- .intvecs
  0000026c    0000026c    000012f8   000012f8    r-x .text
  00001564    00001564    00000160   00000160    r-- .const
  000016c8    000016c8    00000040   00000040    r-- .cinit
20000000    20000000    0000048d   00000000    rw-
  20000000    20000000    0000026c   00000000    rw- .vtable
  20000270    20000270    00000200   00000000    rw- .stack
  20000470    20000470    00000018   00000000    rw- .bss
  20000488    20000488    00000005   00000000    rw- .data


SECTION ALLOCATION MAP

 output                                  attributes/
section   page    origin      length       input sections
--------  ----  ----------  ----------   ----------------
.intvecs   0    00000000    0000026c     
                  00000000    0000026c     tm4c123gh6pm_startup_ccs.obj (.intvecs)

.text      0    0000026c    000012f8     
                  0000026c    000004a8     uartstdio.obj (.text)
                  00000714    0000024c     main.obj (.text)
                  00000960    0000016c     driverlib.lib : gpio.obj (.text:GPIOPadConfigSet)
                  00000acc    00000134                   : can.obj (.text:CANMessageSet)
                  00000c00    00000118                   : sysctl.obj (.text:SysCtlClockGet)
                  00000d18    00000116                   : can.obj (.text:CANMessageGet)
                  00000e2e    00000002     rtsv7M4_T_le_v4SPD16_eabi.lib : div0.asm.obj (.text)
                  00000e30    000000f4     driverlib.lib : sysctl.obj (.text:SysCtlClockSet)
                  00000f24    0000009c     rtsv7M4_T_le_v4SPD16_eabi.lib : memcpy_t2.asm.obj (.text)
                  00000fc0    0000006c     driverlib.lib : can.obj (.text:CANBitRateSet)
                  0000102c    00000068                   : interrupt.obj (.text:IntEnable)
                  00001094    00000068     rtsv7M4_T_le_v4SPD16_eabi.lib : copy_decompress_lzss.c.obj (.text:decompress:lzss:__TI_decompress_lzss)
                  000010fc    0000005c     driverlib.lib : can.obj (.text:_CANIntNumberGet)
                  00001158    0000004c                   : gpio.obj (.text:GPIOPinConfigure)
                  000011a4    00000046                   : uart.obj (.text:UARTConfigSetExpClk)
                  000011ea    00000002     --HOLE-- [fill = 0]
                  000011ec    00000044     rtsv7M4_T_le_v4SPD16_eabi.lib : autoinit.c.obj (.text:__TI_auto_init_nobinit_nopinit:__TI_auto_init_nobinit_nopinit)
                  00001230    00000040     driverlib.lib : can.obj (.text:CANStatusGet)
                  00001270    00000040     rtsv7M4_T_le_v4SPD16_eabi.lib : u_divt2.asm.obj (.text)
                  000012b0    0000003a     driverlib.lib : can.obj (.text:CANInit)
                  000012ea    00000002     --HOLE-- [fill = 0]
                  000012ec    00000038                   : sysctl.obj (.text:SysCtlPeripheralPresent)
                  00001324    00000034                   : interrupt.obj (.text:IntRegister)
                  00001358    00000034                   : sysctl.obj (.text:SysCtlPeripheralEnable)
                  0000138c    00000034     rtsv7M4_T_le_v4SPD16_eabi.lib : boot_cortex_m.c.obj (.text:_c_int00_noargs:_c_int00_noargs)
                  000013c0    0000002c     driverlib.lib : gpio.obj (.text:GPIODirModeSet)
                  000013ec    0000002a                   : can.obj (.text:_CANDataRegRead)
                  00001416    00000024                   : can.obj (.text:_CANDataRegWrite)
                  0000143a    00000022                   : can.obj (.text:CANIntClear)
                  0000145c    00000020                   : can.obj (.text:CANIntStatus)
                  0000147c    00000020                   : uart.obj (.text:UARTDisable)
                  0000149c    0000001c     rtsv7M4_T_le_v4SPD16_eabi.lib : copy_zero_init.c.obj (.text:decompress:ZI:__TI_zero_init_nomemset:__TI_zero_init_nomemset)
                  000014b8    00000018     driverlib.lib : can.obj (.text:CANIntRegister)
                  000014d0    00000016                   : gpio.obj (.text:GPIOPinTypeCAN)
                  000014e6    00000016                   : gpio.obj (.text:GPIOPinTypeUART)
                  000014fc    00000014                   : uart.obj (.text:UARTEnable)
                  00001510    0000000e     rtsv7M4_T_le_v4SPD16_eabi.lib : copy_decompress_none.c.obj (.text:decompress:none:__TI_decompress_none)
                  0000151e    0000000c     tm4c123gh6pm_startup_ccs.obj (.text)
                  0000152a    0000000a     driverlib.lib : can.obj (.text:CANEnable)
                  00001534    0000000a                   : uart.obj (.text:UARTCharGet)
                  0000153e    0000000a                   : uart.obj (.text:UARTCharPut)
                  00001548    00000008                   : can.obj (.text:CANIntEnable)
                  00001550    00000006                   : sysctl.obj (.text:SysCtlDelay)
                  00001556    00000006                   : uart.obj (.text:UARTClockSourceSet)
                  0000155c    00000004     rtsv7M4_T_le_v4SPD16_eabi.lib : pre_init.c.obj (.text:_system_pre_init)
                  00001560    00000004                                   : exit.c.obj (.text:abort:abort)

.const     0    00001564    00000160     
                  00001564    00000090     driverlib.lib : gpio.obj (.const:g_pui32GPIOBaseAddrs)
                  000015f4    0000006c                   : sysctl.obj (.const:g_pui32Xtals)
                  00001660    00000020                   : can.obj (.const:g_ui16CANBitValues)
                  00001680    00000014                   : interrupt.obj (.const:g_pui32EnRegs)
                  00001694    00000012     uartstdio.obj (.const:.string)
                  000016a6    00000002     --HOLE-- [fill = 0]
                  000016a8    0000000c     uartstdio.obj (.const:g_ui32UARTBase)
                  000016b4    0000000c     uartstdio.obj (.const:g_ui32UARTPeriph)
                  000016c0    00000004     uartstdio.obj (.const)

.cinit     0    000016c8    00000040     
                  000016c8    0000000c     (__TI_handler_table)
                  000016d4    00000004     --HOLE-- [fill = 0]
                  000016d8    00000008     (.cinit..bss.load) [load image, compression = zero_init]
                  000016e0    00000008     (.cinit..vtable.load) [load image, compression = zero_init]
                  000016e8    00000007     (.cinit..data.load) [load image, compression = lzss]
                  000016ef    00000001     --HOLE-- [fill = 0]
                  000016f0    00000018     (__TI_cinit_table)

.init_array 
*          0    00000000    00000000     UNINITIALIZED

.vtable    0    20000000    0000026c     UNINITIALIZED
                  20000000    0000026c     driverlib.lib : interrupt.obj (.vtable)

.bss       0    20000470    00000018     UNINITIALIZED
                  20000470    00000014     (.common:rxMessage)
                  20000484    00000004     (.common:rxData)

.data      0    20000488    00000005     UNINITIALIZED
                  20000488    00000005     uartstdio.obj (.data)

.stack     0    20000270    00000200     UNINITIALIZED
                  20000270    00000004     rtsv7M4_T_le_v4SPD16_eabi.lib : boot_cortex_m.c.obj (.stack)
                  20000274    000001fc     --HOLE--

MODULE SUMMARY

       Module                         code   ro data   rw data
       ------                         ----   -------   -------
    .\
       uartstdio.obj                  1192   46        5      
       tm4c123gh6pm_startup_ccs.obj   12     620       0      
       main.obj                       588    0         24     
    +--+------------------------------+------+---------+---------+
       Total:                         1792   666       29     
                                                              
    C:/ti/TivaWare_C_Series-2.2.0.295/driverlib/ccs/Debug/driverlib.lib
       can.obj                        1094   32        0      
       interrupt.obj                  156    20        620    
       sysctl.obj                     638    108       0      
       gpio.obj                       528    144       0      
       uart.obj                       148    0         0      
    +--+------------------------------+------+---------+---------+
       Total:                         2564   304       620    
                                                              
    C:\ti\ccs920\ccs\tools\compiler\ti-cgt-arm_18.12.3.LTS\lib\rtsv7M4_T_le_v4SPD16_eabi.lib
       memcpy_t2.asm.obj              156    0         0      
       copy_decompress_lzss.c.obj     104    0         0      
       autoinit.c.obj                 68     0         0      
       u_divt2.asm.obj                64     0         0      
       boot_cortex_m.c.obj            52     0         0      
       copy_zero_init.c.obj           28     0         0      
       copy_decompress_none.c.obj     14     0         0      
       exit.c.obj                     4      0         0      
       pre_init.c.obj                 4      0         0      
       div0.asm.obj                   2      0         0      
    +--+------------------------------+------+---------+---------+
       Total:                         496    0         0      
                                                              
       Stack:                         0      0         512    
       Linker Generated:              0      59        0      
    +--+------------------------------+------+---------+---------+
       Grand Total:                   4852   1029      1161   


LINKER GENERATED COPY TABLES

__TI_cinit_table @ 000016f0 records: 3, size/record: 8, table size: 24
	.bss: load addr=000016d8, load size=00000008 bytes, run addr=20000470, run size=00000018 bytes, compression=zero_init
	.vtable: load addr=000016e0, load size=00000008 bytes, run addr=20000000, run size=0000026c bytes, compression=zero_init
	.data: load addr=000016e8, load size=00000007 bytes, run addr=20000488, run size=00000005 bytes, compression=lzss


LINKER GENERATED HANDLER TABLE

__TI_handler_table @ 000016c8 records: 3, size/record: 4, table size: 12
	index: 0, handler: __TI_zero_init
	index: 1, handler: __TI_decompress_lzss
	index: 2, handler: __TI_decompress_none


GLOBAL SYMBOLS: SORTED ALPHABETICALLY BY Name 

address   name                          
-------   ----                          
00001561  C$$EXIT                       
00000fc1  CANBitRateSet                 
0000152b  CANEnable                     
000012b1  CANInit                       
0000143b  CANIntClear                   
00001549  CANIntEnable                  
00000715  CANIntHandler                 
000014b9  CANIntRegister                
0000145d  CANIntStatus                  
00000d19  CANMessageGet                 
00000acd  CANMessageSet                 
00001231  CANStatusGet                  
000013c1  GPIODirModeSet                
00000961  GPIOPadConfigSet              
00001159  GPIOPinConfigure              
000014d1  GPIOPinTypeCAN                
000014e7  GPIOPinTypeUART               
000007df  InitCAN                       
00000797  InitUART                      
0000102d  IntEnable                     
00001325  IntRegister                   
0000151f  ResetISR                      
00000845  SetupRxObject                 
00000c01  SysCtlClockGet                
00000e31  SysCtlClockSet                
00001551  SysCtlDelay                   
00001359  SysCtlPeripheralEnable        
000012ed  SysCtlPeripheralPresent       
00001535  UARTCharGet                   
0000153f  UARTCharPut                   
00001557  UARTClockSourceSet            
000011a5  UARTConfigSetExpClk           
0000147d  UARTDisable                   
000014fd  UARTEnable                    
0000026d  UARTStdioConfig               
000003bd  UARTgetc                      
00000303  UARTgets                      
000006df  UARTprintf                    
000003e5  UARTvprintf                   
000002b3  UARTwrite                     
20000470  __STACK_END                   
00000200  __STACK_SIZE                  
20000470  __STACK_TOP                   
000016f0  __TI_CINIT_Base               
00001708  __TI_CINIT_Limit              
000016c8  __TI_Handler_Table_Base       
000016d4  __TI_Handler_Table_Limit      
000011ed  __TI_auto_init_nobinit_nopinit
00001095  __TI_decompress_lzss          
00001511  __TI_decompress_none          
ffffffff  __TI_pprof_out_hndl           
ffffffff  __TI_prof_data_size           
ffffffff  __TI_prof_data_start          
00000000  __TI_static_base__            
0000149d  __TI_zero_init_nomemset       
00000e2f  __aeabi_idiv0                 
00000e2f  __aeabi_ldiv0                 
00000f25  __aeabi_memcpy                
00000f25  __aeabi_memcpy4               
00000f25  __aeabi_memcpy8               
00001271  __aeabi_uidiv                 
00001271  __aeabi_uidivmod              
ffffffff  __binit__                     
ffffffff  __c_args__                    
UNDEFED   __mpu_init                    
20000270  __stack                       
0000138d  _c_int00_noargs               
UNDEFED   _system_post_cinit            
0000155d  _system_pre_init              
00001561  abort                         
ffffffff  binit                         
20000000  g_pfnRAMVectors               
00000000  g_pfnVectors                  
00000873  main                          
00000f25  memcpy                        
20000484  rxData                        
20000470  rxMessage                     


GLOBAL SYMBOLS: SORTED BY Symbol Address 

address   name                          
-------   ----                          
00000000  __TI_static_base__            
00000000  g_pfnVectors                  
00000200  __STACK_SIZE                  
0000026d  UARTStdioConfig               
000002b3  UARTwrite                     
00000303  UARTgets                      
000003bd  UARTgetc                      
000003e5  UARTvprintf                   
000006df  UARTprintf                    
00000715  CANIntHandler                 
00000797  InitUART                      
000007df  InitCAN                       
00000845  SetupRxObject                 
00000873  main                          
00000961  GPIOPadConfigSet              
00000acd  CANMessageSet                 
00000c01  SysCtlClockGet                
00000d19  CANMessageGet                 
00000e2f  __aeabi_idiv0                 
00000e2f  __aeabi_ldiv0                 
00000e31  SysCtlClockSet                
00000f25  __aeabi_memcpy                
00000f25  __aeabi_memcpy4               
00000f25  __aeabi_memcpy8               
00000f25  memcpy                        
00000fc1  CANBitRateSet                 
0000102d  IntEnable                     
00001095  __TI_decompress_lzss          
00001159  GPIOPinConfigure              
000011a5  UARTConfigSetExpClk           
000011ed  __TI_auto_init_nobinit_nopinit
00001231  CANStatusGet                  
00001271  __aeabi_uidiv                 
00001271  __aeabi_uidivmod              
000012b1  CANInit                       
000012ed  SysCtlPeripheralPresent       
00001325  IntRegister                   
00001359  SysCtlPeripheralEnable        
0000138d  _c_int00_noargs               
000013c1  GPIODirModeSet                
0000143b  CANIntClear                   
0000145d  CANIntStatus                  
0000147d  UARTDisable                   
0000149d  __TI_zero_init_nomemset       
000014b9  CANIntRegister                
000014d1  GPIOPinTypeCAN                
000014e7  GPIOPinTypeUART               
000014fd  UARTEnable                    
00001511  __TI_decompress_none          
0000151f  ResetISR                      
0000152b  CANEnable                     
00001535  UARTCharGet                   
0000153f  UARTCharPut                   
00001549  CANIntEnable                  
00001551  SysCtlDelay                   
00001557  UARTClockSourceSet            
0000155d  _system_pre_init              
00001561  C$$EXIT                       
00001561  abort                         
000016c8  __TI_Handler_Table_Base       
000016d4  __TI_Handler_Table_Limit      
000016f0  __TI_CINIT_Base               
00001708  __TI_CINIT_Limit              
20000000  g_pfnRAMVectors               
20000270  __stack                       
20000470  __STACK_END                   
20000470  __STACK_TOP                   
20000470  rxMessage                     
20000484  rxData                        
ffffffff  __TI_pprof_out_hndl           
ffffffff  __TI_prof_data_size           
ffffffff  __TI_prof_data_start          
ffffffff  __binit__                     
ffffffff  __c_args__                    
ffffffff  binit                         
UNDEFED   __mpu_init                    
UNDEFED   _system_post_cinit            

[77 symbols]
