******************************************************************************
                  TI ARM Linker PC v18.12.3                    
******************************************************************************
>> Linked Thu May  1 18:52:28 2025

OUTPUT FILE NAME:   <placa_1.out>
ENTRY POINT SYMBOL: "_c_int00_noargs"  address: 00001559


MEMORY CONFIGURATION

         name            origin    length      used     unused   attr    fill
----------------------  --------  ---------  --------  --------  ----  --------
  FLASH                 00000000   00040000  000018e8  0003e718  R  X
  SRAM                  20000000   00008000  000004e5  00007b1b  RW X


SEGMENT ALLOCATION MAP

run origin  load origin   length   init length attrs members
----------  ----------- ---------- ----------- ----- -------
00000000    00000000    000018e8   000018e8    r-x
  00000000    00000000    0000026c   0000026c    r-- .intvecs
  0000026c    0000026c    000014c4   000014c4    r-x .text
  00001730    00001730    00000160   00000160    r-- .const
  00001890    00001890    00000058   00000058    r-- .cinit
20000000    20000000    000004e9   00000000    rw-
  20000000    20000000    0000026c   00000000    rw- .vtable
  20000270    20000270    00000200   00000000    rw- .stack
  20000470    20000470    0000005c   00000000    rw- .bss
  200004cc    200004cc    0000001d   00000000    rw- .data


SECTION ALLOCATION MAP

 output                                  attributes/
section   page    origin      length       input sections
--------  ----  ----------  ----------   ----------------
.intvecs   0    00000000    0000026c     
                  00000000    0000026c     tm4c123gh6pm_startup_ccs.obj (.intvecs)

.text      0    0000026c    000014c4     
                  0000026c    000004a8     uartstdio.obj (.text)
                  00000714    00000458     main.obj (.text)
                  00000b6c    0000016c     driverlib.lib : gpio.obj (.text:GPIOPadConfigSet)
                  00000cd8    00000134                   : can.obj (.text:CANMessageSet)
                  00000e0c    00000118                   : sysctl.obj (.text:SysCtlClockGet)
                  00000f24    00000116                   : can.obj (.text:CANMessageGet)
                  0000103a    00000002     rtsv7M4_T_le_v4SPD16_eabi.lib : div0.asm.obj (.text)
                  0000103c    000000f4     driverlib.lib : sysctl.obj (.text:SysCtlClockSet)
                  00001130    0000009c     rtsv7M4_T_le_v4SPD16_eabi.lib : memcpy_t2.asm.obj (.text)
                  000011cc    0000006c     driverlib.lib : can.obj (.text:CANBitRateSet)
                  00001238    00000068                   : interrupt.obj (.text:IntEnable)
                  000012a0    00000068     rtsv7M4_T_le_v4SPD16_eabi.lib : copy_decompress_lzss.c.obj (.text:decompress:lzss:__TI_decompress_lzss)
                  00001308    0000005c     driverlib.lib : can.obj (.text:_CANIntNumberGet)
                  00001364    0000004c                   : gpio.obj (.text:GPIOPinConfigure)
                  000013b0    00000046                   : uart.obj (.text:UARTConfigSetExpClk)
                  000013f6    00000002     --HOLE-- [fill = 0]
                  000013f8    00000044     rtsv7M4_T_le_v4SPD16_eabi.lib : autoinit.c.obj (.text:__TI_auto_init_nobinit_nopinit:__TI_auto_init_nobinit_nopinit)
                  0000143c    00000040                                   : u_divt2.asm.obj (.text)
                  0000147c    0000003a     driverlib.lib : can.obj (.text:CANInit)
                  000014b6    00000002     --HOLE-- [fill = 0]
                  000014b8    00000038                   : sysctl.obj (.text:SysCtlPeripheralPresent)
                  000014f0    00000034                   : interrupt.obj (.text:IntRegister)
                  00001524    00000034                   : sysctl.obj (.text:SysCtlPeripheralEnable)
                  00001558    00000034     rtsv7M4_T_le_v4SPD16_eabi.lib : boot_cortex_m.c.obj (.text:_c_int00_noargs:_c_int00_noargs)
                  0000158c    0000002c     driverlib.lib : gpio.obj (.text:GPIODirModeSet)
                  000015b8    0000002a                   : can.obj (.text:_CANDataRegRead)
                  000015e2    00000024                   : can.obj (.text:_CANDataRegWrite)
                  00001606    00000022                   : can.obj (.text:CANIntClear)
                  00001628    00000020                   : can.obj (.text:CANIntStatus)
                  00001648    00000020                   : uart.obj (.text:UARTDisable)
                  00001668    0000001c     rtsv7M4_T_le_v4SPD16_eabi.lib : copy_zero_init.c.obj (.text:decompress:ZI:__TI_zero_init_nomemset:__TI_zero_init_nomemset)
                  00001684    00000018     driverlib.lib : can.obj (.text:CANIntRegister)
                  0000169c    00000016                   : gpio.obj (.text:GPIOPinTypeCAN)
                  000016b2    00000016                   : gpio.obj (.text:GPIOPinTypeUART)
                  000016c8    00000014                   : uart.obj (.text:UARTEnable)
                  000016dc    0000000e     rtsv7M4_T_le_v4SPD16_eabi.lib : copy_decompress_none.c.obj (.text:decompress:none:__TI_decompress_none)
                  000016ea    0000000c     tm4c123gh6pm_startup_ccs.obj (.text)
                  000016f6    0000000a     driverlib.lib : can.obj (.text:CANEnable)
                  00001700    0000000a                   : uart.obj (.text:UARTCharGet)
                  0000170a    0000000a                   : uart.obj (.text:UARTCharPut)
                  00001714    00000008                   : can.obj (.text:CANIntEnable)
                  0000171c    00000006                   : sysctl.obj (.text:SysCtlDelay)
                  00001722    00000006                   : uart.obj (.text:UARTClockSourceSet)
                  00001728    00000004     rtsv7M4_T_le_v4SPD16_eabi.lib : pre_init.c.obj (.text:_system_pre_init)
                  0000172c    00000004                                   : exit.c.obj (.text:abort:abort)

.const     0    00001730    00000160     
                  00001730    00000090     driverlib.lib : gpio.obj (.const:g_pui32GPIOBaseAddrs)
                  000017c0    0000006c                   : sysctl.obj (.const:g_pui32Xtals)
                  0000182c    00000020                   : can.obj (.const:g_ui16CANBitValues)
                  0000184c    00000014                   : interrupt.obj (.const:g_pui32EnRegs)
                  00001860    00000012     uartstdio.obj (.const:.string)
                  00001872    00000002     --HOLE-- [fill = 0]
                  00001874    0000000c     uartstdio.obj (.const:g_ui32UARTBase)
                  00001880    0000000c     uartstdio.obj (.const:g_ui32UARTPeriph)
                  0000188c    00000004     uartstdio.obj (.const)

.cinit     0    00001890    00000058     
                  00001890    0000001d     (.cinit..data.load) [load image, compression = lzss]
                  000018ad    00000003     --HOLE-- [fill = 0]
                  000018b0    0000000c     (__TI_handler_table)
                  000018bc    00000004     --HOLE-- [fill = 0]
                  000018c0    00000008     (.cinit..bss.load) [load image, compression = zero_init]
                  000018c8    00000008     (.cinit..vtable.load) [load image, compression = zero_init]
                  000018d0    00000018     (__TI_cinit_table)

.init_array 
*          0    00000000    00000000     UNINITIALIZED

.vtable    0    20000000    0000026c     UNINITIALIZED
                  20000000    0000026c     driverlib.lib : interrupt.obj (.vtable)

.bss       0    20000470    0000005c     UNINITIALIZED
                  20000470    00000014     (.common:rxMessage)
                  20000484    00000014     (.common:rxMsg_e1234)
                  20000498    00000014     (.common:rxSyncMsg)
                  200004ac    00000014     (.common:txAckMsg)
                  200004c0    00000008     (.common:rxData_e1234)
                  200004c8    00000004     (.common:rxData)

.data      0    200004cc    0000001d     UNINITIALIZED
                  200004cc    00000018     main.obj (.data)
                  200004e4    00000005     uartstdio.obj (.data)

.stack     0    20000270    00000200     UNINITIALIZED
                  20000270    00000004     rtsv7M4_T_le_v4SPD16_eabi.lib : boot_cortex_m.c.obj (.stack)
                  20000274    000001fc     --HOLE--

MODULE SUMMARY

       Module                         code   ro data   rw data
       ------                         ----   -------   -------
    .\
       uartstdio.obj                  1192   46        5      
       main.obj                       1112   0         116    
       tm4c123gh6pm_startup_ccs.obj   12     620       0      
    +--+------------------------------+------+---------+---------+
       Total:                         2316   666       121    
                                                              
    C:/ti/TivaWare_C_Series-2.2.0.295/driverlib/ccs/Debug/driverlib.lib
       can.obj                        1030   32        0      
       interrupt.obj                  156    20        620    
       sysctl.obj                     638    108       0      
       gpio.obj                       528    144       0      
       uart.obj                       148    0         0      
    +--+------------------------------+------+---------+---------+
       Total:                         2500   304       620    
                                                              
    C:\ti\ccs920\ccs\tools\compiler\ti-cgt-arm_18.12.3.LTS\lib\rtsv7M4_T_le_v4SPD16_eabi.lib
       memcpy_t2.asm.obj              156    0         0      
       copy_decompress_lzss.c.obj     104    0         0      
       autoinit.c.obj                 68     0         0      
       u_divt2.asm.obj                64     0         0      
       boot_cortex_m.c.obj            52     0         0      
       copy_zero_init.c.obj           28     0         0      
       copy_decompress_none.c.obj     14     0         0      
       exit.c.obj                     4      0         0      
       pre_init.c.obj                 4      0         0      
       div0.asm.obj                   2      0         0      
    +--+------------------------------+------+---------+---------+
       Total:                         496    0         0      
                                                              
       Stack:                         0      0         512    
       Linker Generated:              0      81        0      
    +--+------------------------------+------+---------+---------+
       Grand Total:                   5312   1051      1253   


LINKER GENERATED COPY TABLES

__TI_cinit_table @ 000018d0 records: 3, size/record: 8, table size: 24
	.data: load addr=00001890, load size=0000001d bytes, run addr=200004cc, run size=0000001d bytes, compression=lzss
	.bss: load addr=000018c0, load size=00000008 bytes, run addr=20000470, run size=0000005c bytes, compression=zero_init
	.vtable: load addr=000018c8, load size=00000008 bytes, run addr=20000000, run size=0000026c bytes, compression=zero_init


LINKER GENERATED HANDLER TABLE

__TI_handler_table @ 000018b0 records: 3, size/record: 4, table size: 12
	index: 0, handler: __TI_zero_init
	index: 1, handler: __TI_decompress_lzss
	index: 2, handler: __TI_decompress_none


GLOBAL SYMBOLS: SORTED ALPHABETICALLY BY Name 

address   name                          
-------   ----                          
0000172d  C$$EXIT                       
000011cd  CANBitRateSet                 
000016f7  CANEnable                     
0000147d  CANInit                       
00001607  CANIntClear                   
00001715  CANIntEnable                  
00000715  CANIntHandler                 
00001685  CANIntRegister                
00001629  CANIntStatus                  
00000f25  CANMessageGet                 
00000cd9  CANMessageSet                 
000008fb  EjecutarTarea3                
000008d7  EjecutarTarea4                
0000158d  GPIODirModeSet                
00000b6d  GPIOPadConfigSet              
00001365  GPIOPinConfigure              
0000169d  GPIOPinTypeCAN                
000016b3  GPIOPinTypeUART               
000007f1  InitCAN                       
000007a9  InitUART                      
00001239  IntEnable                     
000014f1  IntRegister                   
000016eb  ResetISR                      
00000857  SetupRxObject                 
00000887  SetupRxSync                   
000008b7  SetupTxAck                    
00000e0d  SysCtlClockGet                
0000103d  SysCtlClockSet                
0000171d  SysCtlDelay                   
00001525  SysCtlPeripheralEnable        
000014b9  SysCtlPeripheralPresent       
00001701  UARTCharGet                   
0000170b  UARTCharPut                   
00001723  UARTClockSourceSet            
000013b1  UARTConfigSetExpClk           
00001649  UARTDisable                   
000016c9  UARTEnable                    
0000026d  UARTStdioConfig               
000003bd  UARTgetc                      
00000303  UARTgets                      
000006df  UARTprintf                    
000003e5  UARTvprintf                   
000002b3  UARTwrite                     
20000470  __STACK_END                   
00000200  __STACK_SIZE                  
20000470  __STACK_TOP                   
000018d0  __TI_CINIT_Base               
000018e8  __TI_CINIT_Limit              
000018b0  __TI_Handler_Table_Base       
000018bc  __TI_Handler_Table_Limit      
000013f9  __TI_auto_init_nobinit_nopinit
000012a1  __TI_decompress_lzss          
000016dd  __TI_decompress_none          
ffffffff  __TI_pprof_out_hndl           
ffffffff  __TI_prof_data_size           
ffffffff  __TI_prof_data_start          
00000000  __TI_static_base__            
00001669  __TI_zero_init_nomemset       
0000103b  __aeabi_idiv0                 
0000103b  __aeabi_ldiv0                 
00001131  __aeabi_memcpy                
00001131  __aeabi_memcpy4               
00001131  __aeabi_memcpy8               
0000143d  __aeabi_uidiv                 
0000143d  __aeabi_uidivmod              
ffffffff  __binit__                     
ffffffff  __c_args__                    
UNDEFED   __mpu_init                    
20000270  __stack                       
00001559  _c_int00_noargs               
UNDEFED   _system_post_cinit            
00001729  _system_pre_init              
0000172d  abort                         
200004cc  ackData                       
ffffffff  binit                         
200004dc  ejecutar_a3                   
20000000  g_pfnRAMVectors               
00000000  g_pfnVectors                  
00000931  main                          
00001131  memcpy                        
200004d8  periodo_tarea                 
200004c8  rxData                        
200004c0  rxData_e1234                  
20000470  rxMessage                     
20000484  rxMsg_e1234                   
20000498  rxSyncMsg                     
200004d0  sincronizado                  
200004d4  tiempo_computo_tarea          
200004e0  tiempo_computo_tarea3         
200004ac  txAckMsg                      


GLOBAL SYMBOLS: SORTED BY Symbol Address 

address   name                          
-------   ----                          
00000000  __TI_static_base__            
00000000  g_pfnVectors                  
00000200  __STACK_SIZE                  
0000026d  UARTStdioConfig               
000002b3  UARTwrite                     
00000303  UARTgets                      
000003bd  UARTgetc                      
000003e5  UARTvprintf                   
000006df  UARTprintf                    
00000715  CANIntHandler                 
000007a9  InitUART                      
000007f1  InitCAN                       
00000857  SetupRxObject                 
00000887  SetupRxSync                   
000008b7  SetupTxAck                    
000008d7  EjecutarTarea4                
000008fb  EjecutarTarea3                
00000931  main                          
00000b6d  GPIOPadConfigSet              
00000cd9  CANMessageSet                 
00000e0d  SysCtlClockGet                
00000f25  CANMessageGet                 
0000103b  __aeabi_idiv0                 
0000103b  __aeabi_ldiv0                 
0000103d  SysCtlClockSet                
00001131  __aeabi_memcpy                
00001131  __aeabi_memcpy4               
00001131  __aeabi_memcpy8               
00001131  memcpy                        
000011cd  CANBitRateSet                 
00001239  IntEnable                     
000012a1  __TI_decompress_lzss          
00001365  GPIOPinConfigure              
000013b1  UARTConfigSetExpClk           
000013f9  __TI_auto_init_nobinit_nopinit
0000143d  __aeabi_uidiv                 
0000143d  __aeabi_uidivmod              
0000147d  CANInit                       
000014b9  SysCtlPeripheralPresent       
000014f1  IntRegister                   
00001525  SysCtlPeripheralEnable        
00001559  _c_int00_noargs               
0000158d  GPIODirModeSet                
00001607  CANIntClear                   
00001629  CANIntStatus                  
00001649  UARTDisable                   
00001669  __TI_zero_init_nomemset       
00001685  CANIntRegister                
0000169d  GPIOPinTypeCAN                
000016b3  GPIOPinTypeUART               
000016c9  UARTEnable                    
000016dd  __TI_decompress_none          
000016eb  ResetISR                      
000016f7  CANEnable                     
00001701  UARTCharGet                   
0000170b  UARTCharPut                   
00001715  CANIntEnable                  
0000171d  SysCtlDelay                   
00001723  UARTClockSourceSet            
00001729  _system_pre_init              
0000172d  C$$EXIT                       
0000172d  abort                         
000018b0  __TI_Handler_Table_Base       
000018bc  __TI_Handler_Table_Limit      
000018d0  __TI_CINIT_Base               
000018e8  __TI_CINIT_Limit              
20000000  g_pfnRAMVectors               
20000270  __stack                       
20000470  __STACK_END                   
20000470  __STACK_TOP                   
20000470  rxMessage                     
20000484  rxMsg_e1234                   
20000498  rxSyncMsg                     
200004ac  txAckMsg                      
200004c0  rxData_e1234                  
200004c8  rxData                        
200004cc  ackData                       
200004d0  sincronizado                  
200004d4  tiempo_computo_tarea          
200004d8  periodo_tarea                 
200004dc  ejecutar_a3                   
200004e0  tiempo_computo_tarea3         
ffffffff  __TI_pprof_out_hndl           
ffffffff  __TI_prof_data_size           
ffffffff  __TI_prof_data_start          
ffffffff  __binit__                     
ffffffff  __c_args__                    
ffffffff  binit                         
UNDEFED   __mpu_init                    
UNDEFED   _system_post_cinit            

[90 symbols]
