******************************************************************************
                  TI ARM Linker PC v18.12.3                    
******************************************************************************
>> Linked Sun Apr 13 19:47:49 2025

OUTPUT FILE NAME:   <placa_1.out>
ENTRY POINT SYMBOL: "_c_int00_noargs"  address: 0000130d


MEMORY CONFIGURATION

         name            origin    length      used     unused   attr    fill
----------------------  --------  ---------  --------  --------  ----  --------
  FLASH                 00000000   00040000  00001684  0003e97c  R  X
  SRAM                  20000000   00008000  00000489  00007b77  RW X


SEGMENT ALLOCATION MAP

run origin  load origin   length   init length attrs members
----------  ----------- ---------- ----------- ----- -------
00000000    00000000    00001688   00001688    r-x
  00000000    00000000    0000026c   0000026c    r-- .intvecs
  0000026c    0000026c    00001278   00001278    r-x .text
  000014e4    000014e4    00000160   00000160    r-- .const
  00001648    00001648    00000040   00000040    r-- .cinit
20000000    20000000    0000048d   00000000    rw-
  20000000    20000000    0000026c   00000000    rw- .vtable
  20000270    20000270    00000200   00000000    rw- .stack
  20000470    20000470    00000018   00000000    rw- .bss
  20000488    20000488    00000005   00000000    rw- .data


SECTION ALLOCATION MAP

 output                                  attributes/
section   page    origin      length       input sections
--------  ----  ----------  ----------   ----------------
.intvecs   0    00000000    0000026c     
                  00000000    0000026c     tm4c123gh6pm_startup_ccs.obj (.intvecs)

.text      0    0000026c    00001278     
                  0000026c    000004a8     uartstdio.obj (.text)
                  00000714    0000020c     main.obj (.text)
                  00000920    0000016c     driverlib.lib : gpio.obj (.text:GPIOPadConfigSet)
                  00000a8c    00000134                   : can.obj (.text:CANMessageSet)
                  00000bc0    00000118                   : sysctl.obj (.text:SysCtlClockGet)
                  00000cd8    00000116                   : can.obj (.text:CANMessageGet)
                  00000dee    00000002     rtsv7M4_T_le_v4SPD16_eabi.lib : div0.asm.obj (.text)
                  00000df0    000000f4     driverlib.lib : sysctl.obj (.text:SysCtlClockSet)
                  00000ee4    0000009c     rtsv7M4_T_le_v4SPD16_eabi.lib : memcpy_t2.asm.obj (.text)
                  00000f80    0000006c     driverlib.lib : can.obj (.text:CANBitRateSet)
                  00000fec    00000068                   : interrupt.obj (.text:IntEnable)
                  00001054    00000068     rtsv7M4_T_le_v4SPD16_eabi.lib : copy_decompress_lzss.c.obj (.text:decompress:lzss:__TI_decompress_lzss)
                  000010bc    0000005c     driverlib.lib : can.obj (.text:_CANIntNumberGet)
                  00001118    0000004c                   : gpio.obj (.text:GPIOPinConfigure)
                  00001164    00000046                   : uart.obj (.text:UARTConfigSetExpClk)
                  000011aa    00000002     --HOLE-- [fill = 0]
                  000011ac    00000044     rtsv7M4_T_le_v4SPD16_eabi.lib : autoinit.c.obj (.text:__TI_auto_init_nobinit_nopinit:__TI_auto_init_nobinit_nopinit)
                  000011f0    00000040                                   : u_divt2.asm.obj (.text)
                  00001230    0000003a     driverlib.lib : can.obj (.text:CANInit)
                  0000126a    00000002     --HOLE-- [fill = 0]
                  0000126c    00000038                   : sysctl.obj (.text:SysCtlPeripheralPresent)
                  000012a4    00000034                   : interrupt.obj (.text:IntRegister)
                  000012d8    00000034                   : sysctl.obj (.text:SysCtlPeripheralEnable)
                  0000130c    00000034     rtsv7M4_T_le_v4SPD16_eabi.lib : boot_cortex_m.c.obj (.text:_c_int00_noargs:_c_int00_noargs)
                  00001340    0000002c     driverlib.lib : gpio.obj (.text:GPIODirModeSet)
                  0000136c    0000002a                   : can.obj (.text:_CANDataRegRead)
                  00001396    00000024                   : can.obj (.text:_CANDataRegWrite)
                  000013ba    00000022                   : can.obj (.text:CANIntClear)
                  000013dc    00000020                   : can.obj (.text:CANIntStatus)
                  000013fc    00000020                   : uart.obj (.text:UARTDisable)
                  0000141c    0000001c     rtsv7M4_T_le_v4SPD16_eabi.lib : copy_zero_init.c.obj (.text:decompress:ZI:__TI_zero_init_nomemset:__TI_zero_init_nomemset)
                  00001438    00000018     driverlib.lib : can.obj (.text:CANIntRegister)
                  00001450    00000016                   : gpio.obj (.text:GPIOPinTypeCAN)
                  00001466    00000016                   : gpio.obj (.text:GPIOPinTypeUART)
                  0000147c    00000014                   : uart.obj (.text:UARTEnable)
                  00001490    0000000e     rtsv7M4_T_le_v4SPD16_eabi.lib : copy_decompress_none.c.obj (.text:decompress:none:__TI_decompress_none)
                  0000149e    0000000c     tm4c123gh6pm_startup_ccs.obj (.text)
                  000014aa    0000000a     driverlib.lib : can.obj (.text:CANEnable)
                  000014b4    0000000a                   : uart.obj (.text:UARTCharGet)
                  000014be    0000000a                   : uart.obj (.text:UARTCharPut)
                  000014c8    00000008                   : can.obj (.text:CANIntEnable)
                  000014d0    00000006                   : sysctl.obj (.text:SysCtlDelay)
                  000014d6    00000006                   : uart.obj (.text:UARTClockSourceSet)
                  000014dc    00000004     rtsv7M4_T_le_v4SPD16_eabi.lib : pre_init.c.obj (.text:_system_pre_init)
                  000014e0    00000004                                   : exit.c.obj (.text:abort:abort)

.const     0    000014e4    00000160     
                  000014e4    00000090     driverlib.lib : gpio.obj (.const:g_pui32GPIOBaseAddrs)
                  00001574    0000006c                   : sysctl.obj (.const:g_pui32Xtals)
                  000015e0    00000020                   : can.obj (.const:g_ui16CANBitValues)
                  00001600    00000014                   : interrupt.obj (.const:g_pui32EnRegs)
                  00001614    00000012     uartstdio.obj (.const:.string)
                  00001626    00000002     --HOLE-- [fill = 0]
                  00001628    0000000c     uartstdio.obj (.const:g_ui32UARTBase)
                  00001634    0000000c     uartstdio.obj (.const:g_ui32UARTPeriph)
                  00001640    00000004     uartstdio.obj (.const)

.cinit     0    00001648    00000040     
                  00001648    0000000c     (__TI_handler_table)
                  00001654    00000004     --HOLE-- [fill = 0]
                  00001658    00000008     (.cinit..bss.load) [load image, compression = zero_init]
                  00001660    00000008     (.cinit..vtable.load) [load image, compression = zero_init]
                  00001668    00000007     (.cinit..data.load) [load image, compression = lzss]
                  0000166f    00000001     --HOLE-- [fill = 0]
                  00001670    00000018     (__TI_cinit_table)

.init_array 
*          0    00000000    00000000     UNINITIALIZED

.vtable    0    20000000    0000026c     UNINITIALIZED
                  20000000    0000026c     driverlib.lib : interrupt.obj (.vtable)

.bss       0    20000470    00000018     UNINITIALIZED
                  20000470    00000014     (.common:rxMessage)
                  20000484    00000004     (.common:rxData)

.data      0    20000488    00000005     UNINITIALIZED
                  20000488    00000005     uartstdio.obj (.data)

.stack     0    20000270    00000200     UNINITIALIZED
                  20000270    00000004     rtsv7M4_T_le_v4SPD16_eabi.lib : boot_cortex_m.c.obj (.stack)
                  20000274    000001fc     --HOLE--

MODULE SUMMARY

       Module                         code   ro data   rw data
       ------                         ----   -------   -------
    .\
       uartstdio.obj                  1192   46        5      
       tm4c123gh6pm_startup_ccs.obj   12     620       0      
       main.obj                       524    0         24     
    +--+------------------------------+------+---------+---------+
       Total:                         1728   666       29     
                                                              
    C:/ti/TivaWare_C_Series-2.2.0.295/driverlib/ccs/Debug/driverlib.lib
       can.obj                        1030   32        0      
       interrupt.obj                  156    20        620    
       sysctl.obj                     638    108       0      
       gpio.obj                       528    144       0      
       uart.obj                       148    0         0      
    +--+------------------------------+------+---------+---------+
       Total:                         2500   304       620    
                                                              
    C:\ti\ccs920\ccs\tools\compiler\ti-cgt-arm_18.12.3.LTS\lib\rtsv7M4_T_le_v4SPD16_eabi.lib
       memcpy_t2.asm.obj              156    0         0      
       copy_decompress_lzss.c.obj     104    0         0      
       autoinit.c.obj                 68     0         0      
       u_divt2.asm.obj                64     0         0      
       boot_cortex_m.c.obj            52     0         0      
       copy_zero_init.c.obj           28     0         0      
       copy_decompress_none.c.obj     14     0         0      
       exit.c.obj                     4      0         0      
       pre_init.c.obj                 4      0         0      
       div0.asm.obj                   2      0         0      
    +--+------------------------------+------+---------+---------+
       Total:                         496    0         0      
                                                              
       Stack:                         0      0         512    
       Linker Generated:              0      59        0      
    +--+------------------------------+------+---------+---------+
       Grand Total:                   4724   1029      1161   


LINKER GENERATED COPY TABLES

__TI_cinit_table @ 00001670 records: 3, size/record: 8, table size: 24
	.bss: load addr=00001658, load size=00000008 bytes, run addr=20000470, run size=00000018 bytes, compression=zero_init
	.vtable: load addr=00001660, load size=00000008 bytes, run addr=20000000, run size=0000026c bytes, compression=zero_init
	.data: load addr=00001668, load size=00000007 bytes, run addr=20000488, run size=00000005 bytes, compression=lzss


LINKER GENERATED HANDLER TABLE

__TI_handler_table @ 00001648 records: 3, size/record: 4, table size: 12
	index: 0, handler: __TI_zero_init
	index: 1, handler: __TI_decompress_lzss
	index: 2, handler: __TI_decompress_none


GLOBAL SYMBOLS: SORTED ALPHABETICALLY BY Name 

address   name                          
-------   ----                          
000014e1  C$$EXIT                       
00000f81  CANBitRateSet                 
000014ab  CANEnable                     
00001231  CANInit                       
000013bb  CANIntClear                   
000014c9  CANIntEnable                  
00000715  CANIntHandler                 
00001439  CANIntRegister                
000013dd  CANIntStatus                  
00000cd9  CANMessageGet                 
00000a8d  CANMessageSet                 
00001341  GPIODirModeSet                
00000921  GPIOPadConfigSet              
00001119  GPIOPinConfigure              
00001451  GPIOPinTypeCAN                
00001467  GPIOPinTypeUART               
000007c3  InitCAN                       
0000077b  InitUART                      
00000fed  IntEnable                     
000012a5  IntRegister                   
0000149f  ResetISR                      
00000829  SetupRxObject                 
00000bc1  SysCtlClockGet                
00000df1  SysCtlClockSet                
000014d1  SysCtlDelay                   
000012d9  SysCtlPeripheralEnable        
0000126d  SysCtlPeripheralPresent       
000014b5  UARTCharGet                   
000014bf  UARTCharPut                   
000014d7  UARTClockSourceSet            
00001165  UARTConfigSetExpClk           
000013fd  UARTDisable                   
0000147d  UARTEnable                    
0000026d  UARTStdioConfig               
000003bd  UARTgetc                      
00000303  UARTgets                      
000006df  UARTprintf                    
000003e5  UARTvprintf                   
000002b3  UARTwrite                     
20000470  __STACK_END                   
00000200  __STACK_SIZE                  
20000470  __STACK_TOP                   
00001670  __TI_CINIT_Base               
00001688  __TI_CINIT_Limit              
00001648  __TI_Handler_Table_Base       
00001654  __TI_Handler_Table_Limit      
000011ad  __TI_auto_init_nobinit_nopinit
00001055  __TI_decompress_lzss          
00001491  __TI_decompress_none          
ffffffff  __TI_pprof_out_hndl           
ffffffff  __TI_prof_data_size           
ffffffff  __TI_prof_data_start          
00000000  __TI_static_base__            
0000141d  __TI_zero_init_nomemset       
00000def  __aeabi_idiv0                 
00000def  __aeabi_ldiv0                 
00000ee5  __aeabi_memcpy                
00000ee5  __aeabi_memcpy4               
00000ee5  __aeabi_memcpy8               
000011f1  __aeabi_uidiv                 
000011f1  __aeabi_uidivmod              
ffffffff  __binit__                     
ffffffff  __c_args__                    
UNDEFED   __mpu_init                    
20000270  __stack                       
0000130d  _c_int00_noargs               
UNDEFED   _system_post_cinit            
000014dd  _system_pre_init              
000014e1  abort                         
ffffffff  binit                         
20000000  g_pfnRAMVectors               
00000000  g_pfnVectors                  
00000859  main                          
00000ee5  memcpy                        
20000484  rxData                        
20000470  rxMessage                     


GLOBAL SYMBOLS: SORTED BY Symbol Address 

address   name                          
-------   ----                          
00000000  __TI_static_base__            
00000000  g_pfnVectors                  
00000200  __STACK_SIZE                  
0000026d  UARTStdioConfig               
000002b3  UARTwrite                     
00000303  UARTgets                      
000003bd  UARTgetc                      
000003e5  UARTvprintf                   
000006df  UARTprintf                    
00000715  CANIntHandler                 
0000077b  InitUART                      
000007c3  InitCAN                       
00000829  SetupRxObject                 
00000859  main                          
00000921  GPIOPadConfigSet              
00000a8d  CANMessageSet                 
00000bc1  SysCtlClockGet                
00000cd9  CANMessageGet                 
00000def  __aeabi_idiv0                 
00000def  __aeabi_ldiv0                 
00000df1  SysCtlClockSet                
00000ee5  __aeabi_memcpy                
00000ee5  __aeabi_memcpy4               
00000ee5  __aeabi_memcpy8               
00000ee5  memcpy                        
00000f81  CANBitRateSet                 
00000fed  IntEnable                     
00001055  __TI_decompress_lzss          
00001119  GPIOPinConfigure              
00001165  UARTConfigSetExpClk           
000011ad  __TI_auto_init_nobinit_nopinit
000011f1  __aeabi_uidiv                 
000011f1  __aeabi_uidivmod              
00001231  CANInit                       
0000126d  SysCtlPeripheralPresent       
000012a5  IntRegister                   
000012d9  SysCtlPeripheralEnable        
0000130d  _c_int00_noargs               
00001341  GPIODirModeSet                
000013bb  CANIntClear                   
000013dd  CANIntStatus                  
000013fd  UARTDisable                   
0000141d  __TI_zero_init_nomemset       
00001439  CANIntRegister                
00001451  GPIOPinTypeCAN                
00001467  GPIOPinTypeUART               
0000147d  UARTEnable                    
00001491  __TI_decompress_none          
0000149f  ResetISR                      
000014ab  CANEnable                     
000014b5  UARTCharGet                   
000014bf  UARTCharPut                   
000014c9  CANIntEnable                  
000014d1  SysCtlDelay                   
000014d7  UARTClockSourceSet            
000014dd  _system_pre_init              
000014e1  C$$EXIT                       
000014e1  abort                         
00001648  __TI_Handler_Table_Base       
00001654  __TI_Handler_Table_Limit      
00001670  __TI_CINIT_Base               
00001688  __TI_CINIT_Limit              
20000000  g_pfnRAMVectors               
20000270  __stack                       
20000470  __STACK_END                   
20000470  __STACK_TOP                   
20000470  rxMessage                     
20000484  rxData                        
ffffffff  __TI_pprof_out_hndl           
ffffffff  __TI_prof_data_size           
ffffffff  __TI_prof_data_start          
ffffffff  __binit__                     
ffffffff  __c_args__                    
ffffffff  binit                         
UNDEFED   __mpu_init                    
UNDEFED   _system_post_cinit            

[76 symbols]
