******************************************************************************
                  TI ARM Linker PC v18.12.3                    
******************************************************************************
>> Linked Sun Apr 13 18:33:06 2025

OUTPUT FILE NAME:   <placa_estoy_vivo.out>
ENTRY POINT SYMBOL: "_c_int00_noargs"  address: 000010ed


MEMORY CONFIGURATION

         name            origin    length      used     unused   attr    fill
----------------------  --------  ---------  --------  --------  ----  --------
  FLASH                 00000000   00040000  000013c4  0003ec3c  R  X
  SRAM                  20000000   00008000  0000023d  00007dc3  RW X


SEGMENT ALLOCATION MAP

run origin  load origin   length   init length attrs members
----------  ----------- ---------- ----------- ----- -------
00000000    00000000    000013c8   000013c8    r-x
  00000000    00000000    0000026c   0000026c    r-- .intvecs
  0000026c    0000026c    00000fcc   00000fcc    r-x .text
  00001238    00001238    0000014c   0000014c    r-- .const
  00001388    00001388    00000040   00000040    r-- .cinit
20000000    20000000    0000023d   00000000    rw-
  20000000    20000000    00000200   00000000    rw- .stack
  20000200    20000200    00000028   00000000    rw- .bss
  20000228    20000228    00000015   00000000    rw- .data


SECTION ALLOCATION MAP

 output                                  attributes/
section   page    origin      length       input sections
--------  ----  ----------  ----------   ----------------
.intvecs   0    00000000    0000026c     
                  00000000    0000026c     tm4c123gh6pm_startup_ccs.obj (.intvecs)

.text      0    0000026c    00000fcc     
                  0000026c    000004a8     uartstdio.obj (.text)
                  00000714    000001fc     main.obj (.text)
                  00000910    0000016c     driverlib.lib : gpio.obj (.text:GPIOPadConfigSet)
                  00000a7c    00000134                   : can.obj (.text:CANMessageSet)
                  00000bb0    00000118                   : sysctl.obj (.text:SysCtlClockGet)
                  00000cc8    000000f4                   : sysctl.obj (.text:SysCtlClockSet)
                  00000dbc    0000009c     rtsv7M4_T_le_v4SPD16_eabi.lib : memcpy_t2.asm.obj (.text)
                  00000e58    0000006c     driverlib.lib : can.obj (.text:CANBitRateSet)
                  00000ec4    00000068     rtsv7M4_T_le_v4SPD16_eabi.lib : copy_decompress_lzss.c.obj (.text:decompress:lzss:__TI_decompress_lzss)
                  00000f2c    0000004c     driverlib.lib : gpio.obj (.text:GPIOPinConfigure)
                  00000f78    00000046                   : uart.obj (.text:UARTConfigSetExpClk)
                  00000fbe    00000002     rtsv7M4_T_le_v4SPD16_eabi.lib : div0.asm.obj (.text)
                  00000fc0    00000044                                   : autoinit.c.obj (.text:__TI_auto_init_nobinit_nopinit:__TI_auto_init_nobinit_nopinit)
                  00001004    00000040                                   : u_divt2.asm.obj (.text)
                  00001044    0000003a     driverlib.lib : can.obj (.text:CANInit)
                  0000107e    00000002     --HOLE-- [fill = 0]
                  00001080    00000038                   : sysctl.obj (.text:SysCtlPeripheralPresent)
                  000010b8    00000034                   : sysctl.obj (.text:SysCtlPeripheralEnable)
                  000010ec    00000034     rtsv7M4_T_le_v4SPD16_eabi.lib : boot_cortex_m.c.obj (.text:_c_int00_noargs:_c_int00_noargs)
                  00001120    0000002c     driverlib.lib : gpio.obj (.text:GPIODirModeSet)
                  0000114c    00000024                   : can.obj (.text:_CANDataRegWrite)
                  00001170    00000020                   : uart.obj (.text:UARTDisable)
                  00001190    0000001c     rtsv7M4_T_le_v4SPD16_eabi.lib : copy_zero_init.c.obj (.text:decompress:ZI:__TI_zero_init_nomemset:__TI_zero_init_nomemset)
                  000011ac    00000016     driverlib.lib : gpio.obj (.text:GPIOPinTypeCAN)
                  000011c2    00000016                   : gpio.obj (.text:GPIOPinTypeUART)
                  000011d8    00000014                   : uart.obj (.text:UARTEnable)
                  000011ec    0000000e     rtsv7M4_T_le_v4SPD16_eabi.lib : copy_decompress_none.c.obj (.text:decompress:none:__TI_decompress_none)
                  000011fa    0000000c     tm4c123gh6pm_startup_ccs.obj (.text)
                  00001206    0000000a     driverlib.lib : can.obj (.text:CANEnable)
                  00001210    0000000a                   : uart.obj (.text:UARTCharGet)
                  0000121a    0000000a                   : uart.obj (.text:UARTCharPut)
                  00001224    00000006                   : sysctl.obj (.text:SysCtlDelay)
                  0000122a    00000006                   : uart.obj (.text:UARTClockSourceSet)
                  00001230    00000004     rtsv7M4_T_le_v4SPD16_eabi.lib : pre_init.c.obj (.text:_system_pre_init)
                  00001234    00000004                                   : exit.c.obj (.text:abort:abort)

.const     0    00001238    0000014c     
                  00001238    00000090     driverlib.lib : gpio.obj (.const:g_pui32GPIOBaseAddrs)
                  000012c8    0000006c                   : sysctl.obj (.const:g_pui32Xtals)
                  00001334    00000020                   : can.obj (.const:g_ui16CANBitValues)
                  00001354    00000012     uartstdio.obj (.const:.string)
                  00001366    00000002     --HOLE-- [fill = 0]
                  00001368    0000000c     uartstdio.obj (.const:g_ui32UARTBase)
                  00001374    0000000c     uartstdio.obj (.const:g_ui32UARTPeriph)
                  00001380    00000004     uartstdio.obj (.const)

.cinit     0    00001388    00000040     
                  00001388    00000016     (.cinit..data.load) [load image, compression = lzss]
                  0000139e    00000002     --HOLE-- [fill = 0]
                  000013a0    0000000c     (__TI_handler_table)
                  000013ac    00000004     --HOLE-- [fill = 0]
                  000013b0    00000008     (.cinit..bss.load) [load image, compression = zero_init]
                  000013b8    00000010     (__TI_cinit_table)

.init_array 
*          0    00000000    00000000     UNINITIALIZED

.bss       0    20000200    00000028     UNINITIALIZED
                  20000200    00000014     (.common:txMessage_1)
                  20000214    00000014     (.common:txMessage_2)

.data      0    20000228    00000015     UNINITIALIZED
                  20000228    00000010     main.obj (.data)
                  20000238    00000005     uartstdio.obj (.data)

.stack     0    20000000    00000200     UNINITIALIZED
                  20000000    00000004     rtsv7M4_T_le_v4SPD16_eabi.lib : boot_cortex_m.c.obj (.stack)
                  20000004    000001fc     --HOLE--

MODULE SUMMARY

       Module                         code   ro data   rw data
       ------                         ----   -------   -------
    .\
       uartstdio.obj                  1192   46        5      
       tm4c123gh6pm_startup_ccs.obj   12     620       0      
       main.obj                       508    0         56     
    +--+------------------------------+------+---------+---------+
       Total:                         1712   666       61     
                                                              
    C:/ti/TivaWare_C_Series-2.2.0.295/driverlib/ccs/Debug/driverlib.lib
       sysctl.obj                     638    108       0      
       gpio.obj                       528    144       0      
       can.obj                        520    32        0      
       uart.obj                       148    0         0      
    +--+------------------------------+------+---------+---------+
       Total:                         1834   284       0      
                                                              
    C:\ti\ccs920\ccs\tools\compiler\ti-cgt-arm_18.12.3.LTS\lib\rtsv7M4_T_le_v4SPD16_eabi.lib
       memcpy_t2.asm.obj              156    0         0      
       copy_decompress_lzss.c.obj     104    0         0      
       autoinit.c.obj                 68     0         0      
       u_divt2.asm.obj                64     0         0      
       boot_cortex_m.c.obj            52     0         0      
       copy_zero_init.c.obj           28     0         0      
       copy_decompress_none.c.obj     14     0         0      
       exit.c.obj                     4      0         0      
       pre_init.c.obj                 4      0         0      
       div0.asm.obj                   2      0         0      
    +--+------------------------------+------+---------+---------+
       Total:                         496    0         0      
                                                              
       Stack:                         0      0         512    
       Linker Generated:              0      58        0      
    +--+------------------------------+------+---------+---------+
       Grand Total:                   4042   1008      573    


LINKER GENERATED COPY TABLES

__TI_cinit_table @ 000013b8 records: 2, size/record: 8, table size: 16
	.data: load addr=00001388, load size=00000016 bytes, run addr=20000228, run size=00000015 bytes, compression=lzss
	.bss: load addr=000013b0, load size=00000008 bytes, run addr=20000200, run size=00000028 bytes, compression=zero_init


LINKER GENERATED HANDLER TABLE

__TI_handler_table @ 000013a0 records: 3, size/record: 4, table size: 12
	index: 0, handler: __TI_decompress_lzss
	index: 1, handler: __TI_decompress_none
	index: 2, handler: __TI_zero_init


GLOBAL SYMBOLS: SORTED ALPHABETICALLY BY Name 

address   name                          
-------   ----                          
00001235  C$$EXIT                       
00000e59  CANBitRateSet                 
00001207  CANEnable                     
00001045  CANInit                       
00000a7d  CANMessageSet                 
00001121  GPIODirModeSet                
00000911  GPIOPadConfigSet              
00000f2d  GPIOPinConfigure              
000011ad  GPIOPinTypeCAN                
000011c3  GPIOPinTypeUART               
00000715  InitCAN                       
0000075f  InitUART                      
000011fb  ResetISR                      
00000bb1  SysCtlClockGet                
00000cc9  SysCtlClockSet                
00001225  SysCtlDelay                   
000010b9  SysCtlPeripheralEnable        
00001081  SysCtlPeripheralPresent       
00001211  UARTCharGet                   
0000121b  UARTCharPut                   
0000122b  UARTClockSourceSet            
00000f79  UARTConfigSetExpClk           
00001171  UARTDisable                   
000011d9  UARTEnable                    
0000026d  UARTStdioConfig               
000003bd  UARTgetc                      
00000303  UARTgets                      
000006df  UARTprintf                    
000003e5  UARTvprintf                   
000002b3  UARTwrite                     
20000200  __STACK_END                   
00000200  __STACK_SIZE                  
20000200  __STACK_TOP                   
000013b8  __TI_CINIT_Base               
000013c8  __TI_CINIT_Limit              
000013a0  __TI_Handler_Table_Base       
000013ac  __TI_Handler_Table_Limit      
00000fc1  __TI_auto_init_nobinit_nopinit
00000ec5  __TI_decompress_lzss          
000011ed  __TI_decompress_none          
ffffffff  __TI_pprof_out_hndl           
ffffffff  __TI_prof_data_size           
ffffffff  __TI_prof_data_start          
00000000  __TI_static_base__            
00001191  __TI_zero_init_nomemset       
00000fbf  __aeabi_idiv0                 
00000fbf  __aeabi_ldiv0                 
00000dbd  __aeabi_memcpy                
00000dbd  __aeabi_memcpy4               
00000dbd  __aeabi_memcpy8               
00001005  __aeabi_uidiv                 
00001005  __aeabi_uidivmod              
ffffffff  __binit__                     
ffffffff  __c_args__                    
UNDEFED   __mpu_init                    
20000000  __stack                       
000010ed  _c_int00_noargs               
UNDEFED   _system_post_cinit            
00001231  _system_pre_init              
00001235  abort                         
ffffffff  binit                         
00000000  g_pfnVectors                  
000007a7  main                          
00000dbd  memcpy                        
20000230  pui8TxData_1                  
20000234  pui8TxData_2                  
20000228  txData_1                      
2000022c  txData_2                      
20000200  txMessage_1                   
20000214  txMessage_2                   


GLOBAL SYMBOLS: SORTED BY Symbol Address 

address   name                          
-------   ----                          
00000000  __TI_static_base__            
00000000  g_pfnVectors                  
00000200  __STACK_SIZE                  
0000026d  UARTStdioConfig               
000002b3  UARTwrite                     
00000303  UARTgets                      
000003bd  UARTgetc                      
000003e5  UARTvprintf                   
000006df  UARTprintf                    
00000715  InitCAN                       
0000075f  InitUART                      
000007a7  main                          
00000911  GPIOPadConfigSet              
00000a7d  CANMessageSet                 
00000bb1  SysCtlClockGet                
00000cc9  SysCtlClockSet                
00000dbd  __aeabi_memcpy                
00000dbd  __aeabi_memcpy4               
00000dbd  __aeabi_memcpy8               
00000dbd  memcpy                        
00000e59  CANBitRateSet                 
00000ec5  __TI_decompress_lzss          
00000f2d  GPIOPinConfigure              
00000f79  UARTConfigSetExpClk           
00000fbf  __aeabi_idiv0                 
00000fbf  __aeabi_ldiv0                 
00000fc1  __TI_auto_init_nobinit_nopinit
00001005  __aeabi_uidiv                 
00001005  __aeabi_uidivmod              
00001045  CANInit                       
00001081  SysCtlPeripheralPresent       
000010b9  SysCtlPeripheralEnable        
000010ed  _c_int00_noargs               
00001121  GPIODirModeSet                
00001171  UARTDisable                   
00001191  __TI_zero_init_nomemset       
000011ad  GPIOPinTypeCAN                
000011c3  GPIOPinTypeUART               
000011d9  UARTEnable                    
000011ed  __TI_decompress_none          
000011fb  ResetISR                      
00001207  CANEnable                     
00001211  UARTCharGet                   
0000121b  UARTCharPut                   
00001225  SysCtlDelay                   
0000122b  UARTClockSourceSet            
00001231  _system_pre_init              
00001235  C$$EXIT                       
00001235  abort                         
000013a0  __TI_Handler_Table_Base       
000013ac  __TI_Handler_Table_Limit      
000013b8  __TI_CINIT_Base               
000013c8  __TI_CINIT_Limit              
20000000  __stack                       
20000200  __STACK_END                   
20000200  __STACK_TOP                   
20000200  txMessage_1                   
20000214  txMessage_2                   
20000228  txData_1                      
2000022c  txData_2                      
20000230  pui8TxData_1                  
20000234  pui8TxData_2                  
ffffffff  __TI_pprof_out_hndl           
ffffffff  __TI_prof_data_size           
ffffffff  __TI_prof_data_start          
ffffffff  __binit__                     
ffffffff  __c_args__                    
ffffffff  binit                         
UNDEFED   __mpu_init                    
UNDEFED   _system_post_cinit            

[70 symbols]
