******************************************************************************
                  TI ARM Linker PC v18.12.3                    
******************************************************************************
>> Linked Thu May  1 17:40:31 2025

OUTPUT FILE NAME:   <placa_estoy_vivo.out>
ENTRY POINT SYMBOL: "_c_int00_noargs"  address: 00001471


MEMORY CONFIGURATION

         name            origin    length      used     unused   attr    fill
----------------------  --------  ---------  --------  --------  ----  --------
  FLASH                 00000000   00040000  00001808  0003e7f8  R  X
  SRAM                  20000000   00008000  000004bd  00007b43  RW X


SEGMENT ALLOCATION MAP

run origin  load origin   length   init length attrs members
----------  ----------- ---------- ----------- ----- -------
00000000    00000000    00001808   00001808    r-x
  00000000    00000000    0000026c   0000026c    r-- .intvecs
  0000026c    0000026c    000013dc   000013dc    r-x .text
  00001648    00001648    00000160   00000160    r-- .const
  000017a8    000017a8    00000060   00000060    r-- .cinit
20000000    20000000    000004c1   00000000    rw-
  20000000    20000000    0000026c   00000000    rw- .vtable
  20000270    20000270    00000200   00000000    rw- .stack
  20000470    20000470    0000002c   00000000    rw- .bss
  2000049c    2000049c    00000025   00000000    rw- .data


SECTION ALLOCATION MAP

 output                                  attributes/
section   page    origin      length       input sections
--------  ----  ----------  ----------   ----------------
.intvecs   0    00000000    0000026c     
                  00000000    0000026c     tm4c123gh6pm_startup_ccs.obj (.intvecs)

.text      0    0000026c    000013dc     
                  0000026c    000004a8     uartstdio.obj (.text)
                  00000714    00000330     main.obj (.text)
                  00000a44    0000016c     driverlib.lib : gpio.obj (.text:GPIOPadConfigSet)
                  00000bb0    00000134                   : can.obj (.text:CANMessageSet)
                  00000ce4    00000118                   : sysctl.obj (.text:SysCtlClockGet)
                  00000dfc    00000116                   : can.obj (.text:CANMessageGet)
                  00000f12    00000002     rtsv7M4_T_le_v4SPD16_eabi.lib : div0.asm.obj (.text)
                  00000f14    000000f4     driverlib.lib : sysctl.obj (.text:SysCtlClockSet)
                  00001008    0000009c     rtsv7M4_T_le_v4SPD16_eabi.lib : memcpy_t2.asm.obj (.text)
                  000010a4    0000006c     driverlib.lib : can.obj (.text:CANBitRateSet)
                  00001110    00000068                   : interrupt.obj (.text:IntEnable)
                  00001178    00000068     rtsv7M4_T_le_v4SPD16_eabi.lib : copy_decompress_lzss.c.obj (.text:decompress:lzss:__TI_decompress_lzss)
                  000011e0    0000005c     driverlib.lib : can.obj (.text:_CANIntNumberGet)
                  0000123c    0000004c                   : gpio.obj (.text:GPIOPinConfigure)
                  00001288    00000046                   : uart.obj (.text:UARTConfigSetExpClk)
                  000012ce    00000002     --HOLE-- [fill = 0]
                  000012d0    00000044     rtsv7M4_T_le_v4SPD16_eabi.lib : autoinit.c.obj (.text:__TI_auto_init_nobinit_nopinit:__TI_auto_init_nobinit_nopinit)
                  00001314    00000040     driverlib.lib : can.obj (.text:CANStatusGet)
                  00001354    00000040     rtsv7M4_T_le_v4SPD16_eabi.lib : u_divt2.asm.obj (.text)
                  00001394    0000003a     driverlib.lib : can.obj (.text:CANInit)
                  000013ce    00000002     --HOLE-- [fill = 0]
                  000013d0    00000038                   : sysctl.obj (.text:SysCtlPeripheralPresent)
                  00001408    00000034                   : interrupt.obj (.text:IntRegister)
                  0000143c    00000034                   : sysctl.obj (.text:SysCtlPeripheralEnable)
                  00001470    00000034     rtsv7M4_T_le_v4SPD16_eabi.lib : boot_cortex_m.c.obj (.text:_c_int00_noargs:_c_int00_noargs)
                  000014a4    0000002c     driverlib.lib : gpio.obj (.text:GPIODirModeSet)
                  000014d0    0000002a                   : can.obj (.text:_CANDataRegRead)
                  000014fa    00000024                   : can.obj (.text:_CANDataRegWrite)
                  0000151e    00000022                   : can.obj (.text:CANIntClear)
                  00001540    00000020                   : can.obj (.text:CANIntStatus)
                  00001560    00000020                   : uart.obj (.text:UARTDisable)
                  00001580    0000001c     rtsv7M4_T_le_v4SPD16_eabi.lib : copy_zero_init.c.obj (.text:decompress:ZI:__TI_zero_init_nomemset:__TI_zero_init_nomemset)
                  0000159c    00000018     driverlib.lib : can.obj (.text:CANIntRegister)
                  000015b4    00000016                   : gpio.obj (.text:GPIOPinTypeCAN)
                  000015ca    00000016                   : gpio.obj (.text:GPIOPinTypeUART)
                  000015e0    00000014                   : uart.obj (.text:UARTEnable)
                  000015f4    0000000e     rtsv7M4_T_le_v4SPD16_eabi.lib : copy_decompress_none.c.obj (.text:decompress:none:__TI_decompress_none)
                  00001602    0000000c     tm4c123gh6pm_startup_ccs.obj (.text)
                  0000160e    0000000a     driverlib.lib : can.obj (.text:CANEnable)
                  00001618    0000000a                   : uart.obj (.text:UARTCharGet)
                  00001622    0000000a                   : uart.obj (.text:UARTCharPut)
                  0000162c    00000008                   : can.obj (.text:CANIntEnable)
                  00001634    00000006                   : sysctl.obj (.text:SysCtlDelay)
                  0000163a    00000006                   : uart.obj (.text:UARTClockSourceSet)
                  00001640    00000004     rtsv7M4_T_le_v4SPD16_eabi.lib : pre_init.c.obj (.text:_system_pre_init)
                  00001644    00000004                                   : exit.c.obj (.text:abort:abort)

.const     0    00001648    00000160     
                  00001648    00000090     driverlib.lib : gpio.obj (.const:g_pui32GPIOBaseAddrs)
                  000016d8    0000006c                   : sysctl.obj (.const:g_pui32Xtals)
                  00001744    00000020                   : can.obj (.const:g_ui16CANBitValues)
                  00001764    00000014                   : interrupt.obj (.const:g_pui32EnRegs)
                  00001778    00000012     uartstdio.obj (.const:.string)
                  0000178a    00000002     --HOLE-- [fill = 0]
                  0000178c    0000000c     uartstdio.obj (.const:g_ui32UARTBase)
                  00001798    0000000c     uartstdio.obj (.const:g_ui32UARTPeriph)
                  000017a4    00000004     uartstdio.obj (.const)

.cinit     0    000017a8    00000060     
                  000017a8    00000026     (.cinit..data.load) [load image, compression = lzss]
                  000017ce    00000002     --HOLE-- [fill = 0]
                  000017d0    0000000c     (__TI_handler_table)
                  000017dc    00000004     --HOLE-- [fill = 0]
                  000017e0    00000008     (.cinit..bss.load) [load image, compression = zero_init]
                  000017e8    00000008     (.cinit..vtable.load) [load image, compression = zero_init]
                  000017f0    00000018     (__TI_cinit_table)

.init_array 
*          0    00000000    00000000     UNINITIALIZED

.vtable    0    20000000    0000026c     UNINITIALIZED
                  20000000    0000026c     driverlib.lib : interrupt.obj (.vtable)

.bss       0    20000470    0000002c     UNINITIALIZED
                  20000470    00000014     (.common:rxAckMsg)
                  20000484    00000014     (.common:txSyncMsg)
                  20000498    00000004     (.common:rxData)

.data      0    2000049c    00000025     UNINITIALIZED
                  2000049c    00000020     main.obj (.data)
                  200004bc    00000005     uartstdio.obj (.data)

.stack     0    20000270    00000200     UNINITIALIZED
                  20000270    00000004     rtsv7M4_T_le_v4SPD16_eabi.lib : boot_cortex_m.c.obj (.stack)
                  20000274    000001fc     --HOLE--

MODULE SUMMARY

       Module                         code   ro data   rw data
       ------                         ----   -------   -------
    .\
       uartstdio.obj                  1192   46        5      
       main.obj                       816    0         76     
       tm4c123gh6pm_startup_ccs.obj   12     620       0      
    +--+------------------------------+------+---------+---------+
       Total:                         2020   666       81     
                                                              
    C:/ti/TivaWare_C_Series-2.2.0.295/driverlib/ccs/Debug/driverlib.lib
       can.obj                        1094   32        0      
       interrupt.obj                  156    20        620    
       sysctl.obj                     638    108       0      
       gpio.obj                       528    144       0      
       uart.obj                       148    0         0      
    +--+------------------------------+------+---------+---------+
       Total:                         2564   304       620    
                                                              
    C:\ti\ccs920\ccs\tools\compiler\ti-cgt-arm_18.12.3.LTS\lib\rtsv7M4_T_le_v4SPD16_eabi.lib
       memcpy_t2.asm.obj              156    0         0      
       copy_decompress_lzss.c.obj     104    0         0      
       autoinit.c.obj                 68     0         0      
       u_divt2.asm.obj                64     0         0      
       boot_cortex_m.c.obj            52     0         0      
       copy_zero_init.c.obj           28     0         0      
       copy_decompress_none.c.obj     14     0         0      
       exit.c.obj                     4      0         0      
       pre_init.c.obj                 4      0         0      
       div0.asm.obj                   2      0         0      
    +--+------------------------------+------+---------+---------+
       Total:                         496    0         0      
                                                              
       Stack:                         0      0         512    
       Linker Generated:              0      90        0      
    +--+------------------------------+------+---------+---------+
       Grand Total:                   5080   1060      1213   


LINKER GENERATED COPY TABLES

__TI_cinit_table @ 000017f0 records: 3, size/record: 8, table size: 24
	.data: load addr=000017a8, load size=00000026 bytes, run addr=2000049c, run size=00000025 bytes, compression=lzss
	.bss: load addr=000017e0, load size=00000008 bytes, run addr=20000470, run size=0000002c bytes, compression=zero_init
	.vtable: load addr=000017e8, load size=00000008 bytes, run addr=20000000, run size=0000026c bytes, compression=zero_init


LINKER GENERATED HANDLER TABLE

__TI_handler_table @ 000017d0 records: 3, size/record: 4, table size: 12
	index: 0, handler: __TI_zero_init
	index: 1, handler: __TI_decompress_lzss
	index: 2, handler: __TI_decompress_none


GLOBAL SYMBOLS: SORTED ALPHABETICALLY BY Name 

address   name                          
-------   ----                          
00001645  C$$EXIT                       
000010a5  CANBitRateSet                 
0000160f  CANEnable                     
00001395  CANInit                       
0000151f  CANIntClear                   
0000162d  CANIntEnable                  
00000715  CANIntHandler                 
0000159d  CANIntRegister                
00001541  CANIntStatus                  
00000dfd  CANMessageGet                 
00000bb1  CANMessageSet                 
00001315  CANStatusGet                  
0000086b  EjecutarTarea1                
000014a5  GPIODirModeSet                
00000a45  GPIOPadConfigSet              
0000123d  GPIOPinConfigure              
000015b5  GPIOPinTypeCAN                
000015cb  GPIOPinTypeUART               
0000078d  InitCAN                       
000007f3  InitUART                      
00001111  IntEnable                     
00001409  IntRegister                   
00001603  ResetISR                      
0000083b  SetupRxAck                    
00000ce5  SysCtlClockGet                
00000f15  SysCtlClockSet                
00001635  SysCtlDelay                   
0000143d  SysCtlPeripheralEnable        
000013d1  SysCtlPeripheralPresent       
00001619  UARTCharGet                   
00001623  UARTCharPut                   
0000163b  UARTClockSourceSet            
00001289  UARTConfigSetExpClk           
00001561  UARTDisable                   
000015e1  UARTEnable                    
0000026d  UARTStdioConfig               
000003bd  UARTgetc                      
00000303  UARTgets                      
000006df  UARTprintf                    
000003e5  UARTvprintf                   
000002b3  UARTwrite                     
20000470  __STACK_END                   
00000200  __STACK_SIZE                  
20000470  __STACK_TOP                   
000017f0  __TI_CINIT_Base               
00001808  __TI_CINIT_Limit              
000017d0  __TI_Handler_Table_Base       
000017dc  __TI_Handler_Table_Limit      
000012d1  __TI_auto_init_nobinit_nopinit
00001179  __TI_decompress_lzss          
000015f5  __TI_decompress_none          
ffffffff  __TI_pprof_out_hndl           
ffffffff  __TI_prof_data_size           
ffffffff  __TI_prof_data_start          
00000000  __TI_static_base__            
00001581  __TI_zero_init_nomemset       
00000f13  __aeabi_idiv0                 
00000f13  __aeabi_ldiv0                 
00001009  __aeabi_memcpy                
00001009  __aeabi_memcpy4               
00001009  __aeabi_memcpy8               
00001355  __aeabi_uidiv                 
00001355  __aeabi_uidivmod              
ffffffff  __binit__                     
ffffffff  __c_args__                    
UNDEFED   __mpu_init                    
20000270  __stack                       
00001471  _c_int00_noargs               
UNDEFED   _system_post_cinit            
00001641  _system_pre_init              
00001645  abort                         
ffffffff  binit                         
200004ac  g_bSyncReceived               
20000000  g_pfnRAMVectors               
00000000  g_pfnVectors                  
000008b7  main                          
00001009  memcpy                        
200004b8  periodo_tarea                 
200004a4  pui8TxData_1                  
200004a8  pui8TxData_2                  
20000470  rxAckMsg                      
20000498  rxData                        
200004b4  tiempo_computo_tarea          
200004b0  txData                        
2000049c  txData_1                      
200004a0  txData_2                      
20000484  txSyncMsg                     


GLOBAL SYMBOLS: SORTED BY Symbol Address 

address   name                          
-------   ----                          
00000000  __TI_static_base__            
00000000  g_pfnVectors                  
00000200  __STACK_SIZE                  
0000026d  UARTStdioConfig               
000002b3  UARTwrite                     
00000303  UARTgets                      
000003bd  UARTgetc                      
000003e5  UARTvprintf                   
000006df  UARTprintf                    
00000715  CANIntHandler                 
0000078d  InitCAN                       
000007f3  InitUART                      
0000083b  SetupRxAck                    
0000086b  EjecutarTarea1                
000008b7  main                          
00000a45  GPIOPadConfigSet              
00000bb1  CANMessageSet                 
00000ce5  SysCtlClockGet                
00000dfd  CANMessageGet                 
00000f13  __aeabi_idiv0                 
00000f13  __aeabi_ldiv0                 
00000f15  SysCtlClockSet                
00001009  __aeabi_memcpy                
00001009  __aeabi_memcpy4               
00001009  __aeabi_memcpy8               
00001009  memcpy                        
000010a5  CANBitRateSet                 
00001111  IntEnable                     
00001179  __TI_decompress_lzss          
0000123d  GPIOPinConfigure              
00001289  UARTConfigSetExpClk           
000012d1  __TI_auto_init_nobinit_nopinit
00001315  CANStatusGet                  
00001355  __aeabi_uidiv                 
00001355  __aeabi_uidivmod              
00001395  CANInit                       
000013d1  SysCtlPeripheralPresent       
00001409  IntRegister                   
0000143d  SysCtlPeripheralEnable        
00001471  _c_int00_noargs               
000014a5  GPIODirModeSet                
0000151f  CANIntClear                   
00001541  CANIntStatus                  
00001561  UARTDisable                   
00001581  __TI_zero_init_nomemset       
0000159d  CANIntRegister                
000015b5  GPIOPinTypeCAN                
000015cb  GPIOPinTypeUART               
000015e1  UARTEnable                    
000015f5  __TI_decompress_none          
00001603  ResetISR                      
0000160f  CANEnable                     
00001619  UARTCharGet                   
00001623  UARTCharPut                   
0000162d  CANIntEnable                  
00001635  SysCtlDelay                   
0000163b  UARTClockSourceSet            
00001641  _system_pre_init              
00001645  C$$EXIT                       
00001645  abort                         
000017d0  __TI_Handler_Table_Base       
000017dc  __TI_Handler_Table_Limit      
000017f0  __TI_CINIT_Base               
00001808  __TI_CINIT_Limit              
20000000  g_pfnRAMVectors               
20000270  __stack                       
20000470  __STACK_END                   
20000470  __STACK_TOP                   
20000470  rxAckMsg                      
20000484  txSyncMsg                     
20000498  rxData                        
2000049c  txData_1                      
200004a0  txData_2                      
200004a4  pui8TxData_1                  
200004a8  pui8TxData_2                  
200004ac  g_bSyncReceived               
200004b0  txData                        
200004b4  tiempo_computo_tarea          
200004b8  periodo_tarea                 
ffffffff  __TI_pprof_out_hndl           
ffffffff  __TI_prof_data_size           
ffffffff  __TI_prof_data_start          
ffffffff  __binit__                     
ffffffff  __c_args__                    
ffffffff  binit                         
UNDEFED   __mpu_init                    
UNDEFED   _system_post_cinit            

[87 symbols]
