******************************************************************************
                  TI ARM Linker PC v18.12.3                    
******************************************************************************
>> Linked Fri Apr  4 23:09:18 2025

OUTPUT FILE NAME:   <proyecto_v2.out>
ENTRY POINT SYMBOL: "_c_int00_noargs"  address: 00000a59


MEMORY CONFIGURATION

         name            origin    length      used     unused   attr    fill
----------------------  --------  ---------  --------  --------  ----  --------
  FLASH                 00000000   00040000  00000c94  0003f36c  R  X
  SRAM                  20000000   00008000  0000021c  00007de4  RW X


SEGMENT ALLOCATION MAP

run origin  load origin   length   init length attrs members
----------  ----------- ---------- ----------- ----- -------
00000000    00000000    00000c98   00000c98    r-x
  00000000    00000000    0000026c   0000026c    r-- .intvecs
  0000026c    0000026c    000008d4   000008d4    r-x .text
  00000b40    00000b40    0000011c   0000011c    r-- .const
  00000c60    00000c60    00000038   00000038    r-- .cinit
20000000    20000000    0000021c   00000000    rw-
  20000000    20000000    00000200   00000000    rw- .stack
  20000200    20000200    00000014   00000000    rw- .bss
  20000214    20000214    00000008   00000000    rw- .data


SECTION ALLOCATION MAP

 output                                  attributes/
section   page    origin      length       input sections
--------  ----  ----------  ----------   ----------------
.intvecs   0    00000000    0000026c     
                  00000000    0000026c     tm4c123gh6pm_startup_ccs.obj (.intvecs)

.text      0    0000026c    000008d4     
                  0000026c    0000016c     driverlib.lib : gpio.obj (.text:GPIOPadConfigSet)
                  000003d8    00000134                   : can.obj (.text:CANMessageSet)
                  0000050c    00000118                   : sysctl.obj (.text:SysCtlClockGet)
                  00000624    000000f4                   : sysctl.obj (.text:SysCtlClockSet)
                  00000718    000000d0     main.obj (.text)
                  000007e8    0000009c     rtsv7M4_T_le_v4SPD16_eabi.lib : memcpy_t2.asm.obj (.text)
                  00000884    0000006c     driverlib.lib : can.obj (.text:CANBitRateSet)
                  000008f0    00000068     rtsv7M4_T_le_v4SPD16_eabi.lib : copy_decompress_lzss.c.obj (.text:decompress:lzss:__TI_decompress_lzss)
                  00000958    0000004c     driverlib.lib : gpio.obj (.text:GPIOPinConfigure)
                  000009a4    00000044     rtsv7M4_T_le_v4SPD16_eabi.lib : autoinit.c.obj (.text:__TI_auto_init_nobinit_nopinit:__TI_auto_init_nobinit_nopinit)
                  000009e8    0000003a     driverlib.lib : can.obj (.text:CANInit)
                  00000a22    00000002     --HOLE-- [fill = 0]
                  00000a24    00000034                   : sysctl.obj (.text:SysCtlPeripheralEnable)
                  00000a58    00000034     rtsv7M4_T_le_v4SPD16_eabi.lib : boot_cortex_m.c.obj (.text:_c_int00_noargs:_c_int00_noargs)
                  00000a8c    0000002c     driverlib.lib : gpio.obj (.text:GPIODirModeSet)
                  00000ab8    00000024                   : can.obj (.text:_CANDataRegWrite)
                  00000adc    0000001c     rtsv7M4_T_le_v4SPD16_eabi.lib : copy_zero_init.c.obj (.text:decompress:ZI:__TI_zero_init_nomemset:__TI_zero_init_nomemset)
                  00000af8    00000016     driverlib.lib : gpio.obj (.text:GPIOPinTypeCAN)
                  00000b0e    0000000e     rtsv7M4_T_le_v4SPD16_eabi.lib : copy_decompress_none.c.obj (.text:decompress:none:__TI_decompress_none)
                  00000b1c    0000000c     tm4c123gh6pm_startup_ccs.obj (.text)
                  00000b28    0000000a     driverlib.lib : can.obj (.text:CANEnable)
                  00000b32    00000006                   : sysctl.obj (.text:SysCtlDelay)
                  00000b38    00000004     rtsv7M4_T_le_v4SPD16_eabi.lib : pre_init.c.obj (.text:_system_pre_init)
                  00000b3c    00000004                                   : exit.c.obj (.text:abort:abort)

.const     0    00000b40    0000011c     
                  00000b40    00000090     driverlib.lib : gpio.obj (.const:g_pui32GPIOBaseAddrs)
                  00000bd0    0000006c                   : sysctl.obj (.const:g_pui32Xtals)
                  00000c3c    00000020                   : can.obj (.const:g_ui16CANBitValues)

.cinit     0    00000c60    00000038     
                  00000c60    0000000d     (.cinit..data.load) [load image, compression = lzss]
                  00000c6d    00000003     --HOLE-- [fill = 0]
                  00000c70    0000000c     (__TI_handler_table)
                  00000c7c    00000004     --HOLE-- [fill = 0]
                  00000c80    00000008     (.cinit..bss.load) [load image, compression = zero_init]
                  00000c88    00000010     (__TI_cinit_table)

.init_array 
*          0    00000000    00000000     UNINITIALIZED

.bss       0    20000200    00000014     UNINITIALIZED
                  20000200    00000014     (.common:txMessage)

.data      0    20000214    00000008     UNINITIALIZED
                  20000214    00000008     main.obj (.data)

.stack     0    20000000    00000200     UNINITIALIZED
                  20000000    00000004     rtsv7M4_T_le_v4SPD16_eabi.lib : boot_cortex_m.c.obj (.stack)
                  20000004    000001fc     --HOLE--

MODULE SUMMARY

       Module                         code   ro data   rw data
       ------                         ----   -------   -------
    .\
       tm4c123gh6pm_startup_ccs.obj   12     620       0      
       main.obj                       208    0         28     
    +--+------------------------------+------+---------+---------+
       Total:                         220    620       28     
                                                              
    C:/ti/TivaWare_C_Series-2.2.0.295/driverlib/ccs/Debug/driverlib.lib
       sysctl.obj                     582    108       0      
       gpio.obj                       506    144       0      
       can.obj                        520    32        0      
    +--+------------------------------+------+---------+---------+
       Total:                         1608   284       0      
                                                              
    C:\ti\ccs920\ccs\tools\compiler\ti-cgt-arm_18.12.3.LTS\lib\rtsv7M4_T_le_v4SPD16_eabi.lib
       memcpy_t2.asm.obj              156    0         0      
       copy_decompress_lzss.c.obj     104    0         0      
       autoinit.c.obj                 68     0         0      
       boot_cortex_m.c.obj            52     0         0      
       copy_zero_init.c.obj           28     0         0      
       copy_decompress_none.c.obj     14     0         0      
       exit.c.obj                     4      0         0      
       pre_init.c.obj                 4      0         0      
    +--+------------------------------+------+---------+---------+
       Total:                         430    0         0      
                                                              
       Stack:                         0      0         512    
       Linker Generated:              0      49        0      
    +--+------------------------------+------+---------+---------+
       Grand Total:                   2258   953       540    


LINKER GENERATED COPY TABLES

__TI_cinit_table @ 00000c88 records: 2, size/record: 8, table size: 16
	.data: load addr=00000c60, load size=0000000d bytes, run addr=20000214, run size=00000008 bytes, compression=lzss
	.bss: load addr=00000c80, load size=00000008 bytes, run addr=20000200, run size=00000014 bytes, compression=zero_init


LINKER GENERATED HANDLER TABLE

__TI_handler_table @ 00000c70 records: 3, size/record: 4, table size: 12
	index: 0, handler: __TI_decompress_lzss
	index: 1, handler: __TI_decompress_none
	index: 2, handler: __TI_zero_init


GLOBAL SYMBOLS: SORTED ALPHABETICALLY BY Name 

address   name                          
-------   ----                          
00000b3d  C$$EXIT                       
00000885  CANBitRateSet                 
00000b29  CANEnable                     
000009e9  CANInit                       
000003d9  CANMessageSet                 
00000a8d  GPIODirModeSet                
0000026d  GPIOPadConfigSet              
00000959  GPIOPinConfigure              
00000af9  GPIOPinTypeCAN                
00000719  InitConsole                   
00000b1d  ResetISR                      
0000050d  SysCtlClockGet                
00000625  SysCtlClockSet                
00000b33  SysCtlDelay                   
00000a25  SysCtlPeripheralEnable        
20000200  __STACK_END                   
00000200  __STACK_SIZE                  
20000200  __STACK_TOP                   
00000c88  __TI_CINIT_Base               
00000c98  __TI_CINIT_Limit              
00000c70  __TI_Handler_Table_Base       
00000c7c  __TI_Handler_Table_Limit      
000009a5  __TI_auto_init_nobinit_nopinit
000008f1  __TI_decompress_lzss          
00000b0f  __TI_decompress_none          
ffffffff  __TI_pprof_out_hndl           
ffffffff  __TI_prof_data_size           
ffffffff  __TI_prof_data_start          
00000000  __TI_static_base__            
00000add  __TI_zero_init_nomemset       
000007e9  __aeabi_memcpy                
000007e9  __aeabi_memcpy4               
000007e9  __aeabi_memcpy8               
ffffffff  __binit__                     
ffffffff  __c_args__                    
UNDEFED   __mpu_init                    
20000000  __stack                       
00000a59  _c_int00_noargs               
UNDEFED   _system_post_cinit            
00000b39  _system_pre_init              
00000b3d  abort                         
ffffffff  binit                         
00000000  g_pfnVectors                  
00000757  main                          
000007e9  memcpy                        
20000218  pui8TxData                    
20000214  txData                        
20000200  txMessage                     


GLOBAL SYMBOLS: SORTED BY Symbol Address 

address   name                          
-------   ----                          
00000000  __TI_static_base__            
00000000  g_pfnVectors                  
00000200  __STACK_SIZE                  
0000026d  GPIOPadConfigSet              
000003d9  CANMessageSet                 
0000050d  SysCtlClockGet                
00000625  SysCtlClockSet                
00000719  InitConsole                   
00000757  main                          
000007e9  __aeabi_memcpy                
000007e9  __aeabi_memcpy4               
000007e9  __aeabi_memcpy8               
000007e9  memcpy                        
00000885  CANBitRateSet                 
000008f1  __TI_decompress_lzss          
00000959  GPIOPinConfigure              
000009a5  __TI_auto_init_nobinit_nopinit
000009e9  CANInit                       
00000a25  SysCtlPeripheralEnable        
00000a59  _c_int00_noargs               
00000a8d  GPIODirModeSet                
00000add  __TI_zero_init_nomemset       
00000af9  GPIOPinTypeCAN                
00000b0f  __TI_decompress_none          
00000b1d  ResetISR                      
00000b29  CANEnable                     
00000b33  SysCtlDelay                   
00000b39  _system_pre_init              
00000b3d  C$$EXIT                       
00000b3d  abort                         
00000c70  __TI_Handler_Table_Base       
00000c7c  __TI_Handler_Table_Limit      
00000c88  __TI_CINIT_Base               
00000c98  __TI_CINIT_Limit              
20000000  __stack                       
20000200  __STACK_END                   
20000200  __STACK_TOP                   
20000200  txMessage                     
20000214  txData                        
20000218  pui8TxData                    
ffffffff  __TI_pprof_out_hndl           
ffffffff  __TI_prof_data_size           
ffffffff  __TI_prof_data_start          
ffffffff  __binit__                     
ffffffff  __c_args__                    
ffffffff  binit                         
UNDEFED   __mpu_init                    
UNDEFED   _system_post_cinit            

[48 symbols]
