******************************************************************************
                  TI ARM Linker PC v18.12.3                    
******************************************************************************
>> Linked Tue Apr  1 11:05:32 2025

OUTPUT FILE NAME:   <proyecto_v2.out>
ENTRY POINT SYMBOL: "_c_int00_noargs"  address: 00001249


MEMORY CONFIGURATION

         name            origin    length      used     unused   attr    fill
----------------------  --------  ---------  --------  --------  ----  --------
  FLASH                 00000000   00040000  00001544  0003eabc  R  X
  SRAM                  20000000   00008000  0000023d  00007dc3  RW X


SEGMENT ALLOCATION MAP

run origin  load origin   length   init length attrs members
----------  ----------- ---------- ----------- ----- -------
00000000    00000000    00001548   00001548    r-x
  00000000    00000000    0000026c   0000026c    r-- .intvecs
  0000026c    0000026c    00001154   00001154    r-x .text
  000013c0    000013c0    0000014c   0000014c    r-- .const
  00001510    00001510    00000038   00000038    r-- .cinit
20000000    20000000    0000023d   00000000    rw-
  20000000    20000000    00000200   00000000    rw- .stack
  20000200    20000200    00000030   00000000    rw- .bss
  20000230    20000230    0000000d   00000000    rw- .data


SECTION ALLOCATION MAP

 output                                  attributes/
section   page    origin      length       input sections
--------  ----  ----------  ----------   ----------------
.intvecs   0    00000000    0000026c     
                  00000000    0000026c     tm4c123gh6pm_startup_ccs.obj (.intvecs)

.text      0    0000026c    00001154     
                  0000026c    000004a8     uartstdio.obj (.text)
                  00000714    00000240     main.obj (.text)
                  00000954    0000016c     driverlib.lib : gpio.obj (.text:GPIOPadConfigSet)
                  00000ac0    00000134                   : can.obj (.text:CANMessageSet)
                  00000bf4    00000118                   : sysctl.obj (.text:SysCtlClockGet)
                  00000d0c    00000116                   : can.obj (.text:CANMessageGet)
                  00000e22    00000002     rtsv7M4_T_le_v4SPD16_eabi.lib : div0.asm.obj (.text)
                  00000e24    000000f4     driverlib.lib : sysctl.obj (.text:SysCtlClockSet)
                  00000f18    0000009c     rtsv7M4_T_le_v4SPD16_eabi.lib : memcpy_t2.asm.obj (.text)
                  00000fb4    0000006c     driverlib.lib : can.obj (.text:CANBitRateSet)
                  00001020    00000068     rtsv7M4_T_le_v4SPD16_eabi.lib : copy_decompress_lzss.c.obj (.text:decompress:lzss:__TI_decompress_lzss)
                  00001088    0000004c     driverlib.lib : gpio.obj (.text:GPIOPinConfigure)
                  000010d4    00000046                   : uart.obj (.text:UARTConfigSetExpClk)
                  0000111a    00000002     --HOLE-- [fill = 0]
                  0000111c    00000044     rtsv7M4_T_le_v4SPD16_eabi.lib : autoinit.c.obj (.text:__TI_auto_init_nobinit_nopinit:__TI_auto_init_nobinit_nopinit)
                  00001160    00000040                                   : u_divt2.asm.obj (.text)
                  000011a0    0000003a     driverlib.lib : can.obj (.text:CANInit)
                  000011da    00000002     --HOLE-- [fill = 0]
                  000011dc    00000038                   : sysctl.obj (.text:SysCtlPeripheralPresent)
                  00001214    00000034                   : sysctl.obj (.text:SysCtlPeripheralEnable)
                  00001248    00000034     rtsv7M4_T_le_v4SPD16_eabi.lib : boot_cortex_m.c.obj (.text:_c_int00_noargs:_c_int00_noargs)
                  0000127c    0000002c     driverlib.lib : gpio.obj (.text:GPIODirModeSet)
                  000012a8    0000002a                   : can.obj (.text:_CANDataRegRead)
                  000012d2    00000024                   : can.obj (.text:_CANDataRegWrite)
                  000012f6    00000002     --HOLE-- [fill = 0]
                  000012f8    00000020                   : uart.obj (.text:UARTDisable)
                  00001318    0000001c     rtsv7M4_T_le_v4SPD16_eabi.lib : copy_zero_init.c.obj (.text:decompress:ZI:__TI_zero_init_nomemset:__TI_zero_init_nomemset)
                  00001334    00000016     driverlib.lib : gpio.obj (.text:GPIOPinTypeCAN)
                  0000134a    00000016                   : gpio.obj (.text:GPIOPinTypeUART)
                  00001360    00000014                   : uart.obj (.text:UARTEnable)
                  00001374    0000000e     rtsv7M4_T_le_v4SPD16_eabi.lib : copy_decompress_none.c.obj (.text:decompress:none:__TI_decompress_none)
                  00001382    0000000c     tm4c123gh6pm_startup_ccs.obj (.text)
                  0000138e    0000000a     driverlib.lib : can.obj (.text:CANEnable)
                  00001398    0000000a                   : uart.obj (.text:UARTCharGet)
                  000013a2    0000000a                   : uart.obj (.text:UARTCharPut)
                  000013ac    00000006                   : sysctl.obj (.text:SysCtlDelay)
                  000013b2    00000006                   : uart.obj (.text:UARTClockSourceSet)
                  000013b8    00000004     rtsv7M4_T_le_v4SPD16_eabi.lib : pre_init.c.obj (.text:_system_pre_init)
                  000013bc    00000004                                   : exit.c.obj (.text:abort:abort)

.const     0    000013c0    0000014c     
                  000013c0    00000090     driverlib.lib : gpio.obj (.const:g_pui32GPIOBaseAddrs)
                  00001450    0000006c                   : sysctl.obj (.const:g_pui32Xtals)
                  000014bc    00000020                   : can.obj (.const:g_ui16CANBitValues)
                  000014dc    00000012     uartstdio.obj (.const:.string)
                  000014ee    00000002     --HOLE-- [fill = 0]
                  000014f0    0000000c     uartstdio.obj (.const:g_ui32UARTBase)
                  000014fc    0000000c     uartstdio.obj (.const:g_ui32UARTPeriph)
                  00001508    00000004     uartstdio.obj (.const)

.cinit     0    00001510    00000038     
                  00001510    00000010     (.cinit..data.load) [load image, compression = lzss]
                  00001520    0000000c     (__TI_handler_table)
                  0000152c    00000004     --HOLE-- [fill = 0]
                  00001530    00000008     (.cinit..bss.load) [load image, compression = zero_init]
                  00001538    00000010     (__TI_cinit_table)

.init_array 
*          0    00000000    00000000     UNINITIALIZED

.bss       0    20000200    00000030     UNINITIALIZED
                  20000200    00000014     (.common:rxMessage)
                  20000214    00000014     (.common:txMessage)
                  20000228    00000008     (.common:rxData)

.data      0    20000230    0000000d     UNINITIALIZED
                  20000230    00000008     main.obj (.data)
                  20000238    00000005     uartstdio.obj (.data)

.stack     0    20000000    00000200     UNINITIALIZED
                  20000000    00000004     rtsv7M4_T_le_v4SPD16_eabi.lib : boot_cortex_m.c.obj (.stack)
                  20000004    000001fc     --HOLE--

MODULE SUMMARY

       Module                         code   ro data   rw data
       ------                         ----   -------   -------
    .\
       uartstdio.obj                  1192   46        5      
       main.obj                       576    0         56     
       tm4c123gh6pm_startup_ccs.obj   12     620       0      
    +--+------------------------------+------+---------+---------+
       Total:                         1780   666       61     
                                                              
    C:/ti/TivaWare_C_Series-2.2.0.295/driverlib/ccs/Debug/driverlib.lib
       can.obj                        840    32        0      
       sysctl.obj                     638    108       0      
       gpio.obj                       528    144       0      
       uart.obj                       148    0         0      
    +--+------------------------------+------+---------+---------+
       Total:                         2154   284       0      
                                                              
    C:\ti\ccs920\ccs\tools\compiler\ti-cgt-arm_18.12.3.LTS\lib\rtsv7M4_T_le_v4SPD16_eabi.lib
       memcpy_t2.asm.obj              156    0         0      
       copy_decompress_lzss.c.obj     104    0         0      
       autoinit.c.obj                 68     0         0      
       u_divt2.asm.obj                64     0         0      
       boot_cortex_m.c.obj            52     0         0      
       copy_zero_init.c.obj           28     0         0      
       copy_decompress_none.c.obj     14     0         0      
       exit.c.obj                     4      0         0      
       pre_init.c.obj                 4      0         0      
       div0.asm.obj                   2      0         0      
    +--+------------------------------+------+---------+---------+
       Total:                         496    0         0      
                                                              
       Stack:                         0      0         512    
       Linker Generated:              0      52        0      
    +--+------------------------------+------+---------+---------+
       Grand Total:                   4430   1002      573    


LINKER GENERATED COPY TABLES

__TI_cinit_table @ 00001538 records: 2, size/record: 8, table size: 16
	.data: load addr=00001510, load size=00000010 bytes, run addr=20000230, run size=0000000d bytes, compression=lzss
	.bss: load addr=00001530, load size=00000008 bytes, run addr=20000200, run size=00000030 bytes, compression=zero_init


LINKER GENERATED HANDLER TABLE

__TI_handler_table @ 00001520 records: 3, size/record: 4, table size: 12
	index: 0, handler: __TI_decompress_lzss
	index: 1, handler: __TI_decompress_none
	index: 2, handler: __TI_zero_init


GLOBAL SYMBOLS: SORTED ALPHABETICALLY BY Name 

address   name                          
-------   ----                          
000013bd  C$$EXIT                       
00000fb5  CANBitRateSet                 
0000138f  CANEnable                     
000011a1  CANInit                       
00000d0d  CANMessageGet                 
00000ac1  CANMessageSet                 
0000127d  GPIODirModeSet                
00000955  GPIOPadConfigSet              
00001089  GPIOPinConfigure              
00001335  GPIOPinTypeCAN                
0000134b  GPIOPinTypeUART               
00000715  InitConsole                   
00001383  ResetISR                      
00000bf5  SysCtlClockGet                
00000e25  SysCtlClockSet                
000013ad  SysCtlDelay                   
00001215  SysCtlPeripheralEnable        
000011dd  SysCtlPeripheralPresent       
00001399  UARTCharGet                   
000013a3  UARTCharPut                   
000013b3  UARTClockSourceSet            
000010d5  UARTConfigSetExpClk           
000012f9  UARTDisable                   
00001361  UARTEnable                    
0000026d  UARTStdioConfig               
000003bd  UARTgetc                      
00000303  UARTgets                      
000006df  UARTprintf                    
000003e5  UARTvprintf                   
000002b3  UARTwrite                     
20000200  __STACK_END                   
00000200  __STACK_SIZE                  
20000200  __STACK_TOP                   
00001538  __TI_CINIT_Base               
00001548  __TI_CINIT_Limit              
00001520  __TI_Handler_Table_Base       
0000152c  __TI_Handler_Table_Limit      
0000111d  __TI_auto_init_nobinit_nopinit
00001021  __TI_decompress_lzss          
00001375  __TI_decompress_none          
ffffffff  __TI_pprof_out_hndl           
ffffffff  __TI_prof_data_size           
ffffffff  __TI_prof_data_start          
00000000  __TI_static_base__            
00001319  __TI_zero_init_nomemset       
00000e23  __aeabi_idiv0                 
00000e23  __aeabi_ldiv0                 
00000f19  __aeabi_memcpy                
00000f19  __aeabi_memcpy4               
00000f19  __aeabi_memcpy8               
00001161  __aeabi_uidiv                 
00001161  __aeabi_uidivmod              
ffffffff  __binit__                     
ffffffff  __c_args__                    
UNDEFED   __mpu_init                    
20000000  __stack                       
00001249  _c_int00_noargs               
UNDEFED   _system_post_cinit            
000013b9  _system_pre_init              
000013bd  abort                         
ffffffff  binit                         
00000000  g_pfnVectors                  
00000751  main                          
00000f19  memcpy                        
20000234  pui8TxData                    
20000228  rxData                        
20000200  rxMessage                     
20000230  txData                        
20000214  txMessage                     


GLOBAL SYMBOLS: SORTED BY Symbol Address 

address   name                          
-------   ----                          
00000000  __TI_static_base__            
00000000  g_pfnVectors                  
00000200  __STACK_SIZE                  
0000026d  UARTStdioConfig               
000002b3  UARTwrite                     
00000303  UARTgets                      
000003bd  UARTgetc                      
000003e5  UARTvprintf                   
000006df  UARTprintf                    
00000715  InitConsole                   
00000751  main                          
00000955  GPIOPadConfigSet              
00000ac1  CANMessageSet                 
00000bf5  SysCtlClockGet                
00000d0d  CANMessageGet                 
00000e23  __aeabi_idiv0                 
00000e23  __aeabi_ldiv0                 
00000e25  SysCtlClockSet                
00000f19  __aeabi_memcpy                
00000f19  __aeabi_memcpy4               
00000f19  __aeabi_memcpy8               
00000f19  memcpy                        
00000fb5  CANBitRateSet                 
00001021  __TI_decompress_lzss          
00001089  GPIOPinConfigure              
000010d5  UARTConfigSetExpClk           
0000111d  __TI_auto_init_nobinit_nopinit
00001161  __aeabi_uidiv                 
00001161  __aeabi_uidivmod              
000011a1  CANInit                       
000011dd  SysCtlPeripheralPresent       
00001215  SysCtlPeripheralEnable        
00001249  _c_int00_noargs               
0000127d  GPIODirModeSet                
000012f9  UARTDisable                   
00001319  __TI_zero_init_nomemset       
00001335  GPIOPinTypeCAN                
0000134b  GPIOPinTypeUART               
00001361  UARTEnable                    
00001375  __TI_decompress_none          
00001383  ResetISR                      
0000138f  CANEnable                     
00001399  UARTCharGet                   
000013a3  UARTCharPut                   
000013ad  SysCtlDelay                   
000013b3  UARTClockSourceSet            
000013b9  _system_pre_init              
000013bd  C$$EXIT                       
000013bd  abort                         
00001520  __TI_Handler_Table_Base       
0000152c  __TI_Handler_Table_Limit      
00001538  __TI_CINIT_Base               
00001548  __TI_CINIT_Limit              
20000000  __stack                       
20000200  __STACK_END                   
20000200  __STACK_TOP                   
20000200  rxMessage                     
20000214  txMessage                     
20000228  rxData                        
20000230  txData                        
20000234  pui8TxData                    
ffffffff  __TI_pprof_out_hndl           
ffffffff  __TI_prof_data_size           
ffffffff  __TI_prof_data_start          
ffffffff  __binit__                     
ffffffff  __c_args__                    
ffffffff  binit                         
UNDEFED   __mpu_init                    
UNDEFED   _system_post_cinit            

[69 symbols]
