******************************************************************************
                  TI ARM Linker PC v18.12.3                    
******************************************************************************
>> Linked Sun Apr 13 19:47:21 2025

OUTPUT FILE NAME:   <placa_2.out>
ENTRY POINT SYMBOL: "_c_int00_noargs"  address: 00001319


MEMORY CONFIGURATION

         name            origin    length      used     unused   attr    fill
----------------------  --------  ---------  --------  --------  ----  --------
  FLASH                 00000000   00040000  00001690  0003e970  R  X
  SRAM                  20000000   00008000  00000489  00007b77  RW X


SEGMENT ALLOCATION MAP

run origin  load origin   length   init length attrs members
----------  ----------- ---------- ----------- ----- -------
00000000    00000000    00001690   00001690    r-x
  00000000    00000000    0000026c   0000026c    r-- .intvecs
  0000026c    0000026c    00001284   00001284    r-x .text
  000014f0    000014f0    00000160   00000160    r-- .const
  00001650    00001650    00000040   00000040    r-- .cinit
20000000    20000000    0000048d   00000000    rw-
  20000000    20000000    0000026c   00000000    rw- .vtable
  20000270    20000270    00000200   00000000    rw- .stack
  20000470    20000470    00000018   00000000    rw- .bss
  20000488    20000488    00000005   00000000    rw- .data


SECTION ALLOCATION MAP

 output                                  attributes/
section   page    origin      length       input sections
--------  ----  ----------  ----------   ----------------
.intvecs   0    00000000    0000026c     
                  00000000    0000026c     tm4c123gh6pm_startup_ccs.obj (.intvecs)

.text      0    0000026c    00001284     
                  0000026c    000004a8     uartstdio.obj (.text)
                  00000714    00000218     main.obj (.text)
                  0000092c    0000016c     driverlib.lib : gpio.obj (.text:GPIOPadConfigSet)
                  00000a98    00000134                   : can.obj (.text:CANMessageSet)
                  00000bcc    00000118                   : sysctl.obj (.text:SysCtlClockGet)
                  00000ce4    00000116                   : can.obj (.text:CANMessageGet)
                  00000dfa    00000002     rtsv7M4_T_le_v4SPD16_eabi.lib : div0.asm.obj (.text)
                  00000dfc    000000f4     driverlib.lib : sysctl.obj (.text:SysCtlClockSet)
                  00000ef0    0000009c     rtsv7M4_T_le_v4SPD16_eabi.lib : memcpy_t2.asm.obj (.text)
                  00000f8c    0000006c     driverlib.lib : can.obj (.text:CANBitRateSet)
                  00000ff8    00000068                   : interrupt.obj (.text:IntEnable)
                  00001060    00000068     rtsv7M4_T_le_v4SPD16_eabi.lib : copy_decompress_lzss.c.obj (.text:decompress:lzss:__TI_decompress_lzss)
                  000010c8    0000005c     driverlib.lib : can.obj (.text:_CANIntNumberGet)
                  00001124    0000004c                   : gpio.obj (.text:GPIOPinConfigure)
                  00001170    00000046                   : uart.obj (.text:UARTConfigSetExpClk)
                  000011b6    00000002     --HOLE-- [fill = 0]
                  000011b8    00000044     rtsv7M4_T_le_v4SPD16_eabi.lib : autoinit.c.obj (.text:__TI_auto_init_nobinit_nopinit:__TI_auto_init_nobinit_nopinit)
                  000011fc    00000040                                   : u_divt2.asm.obj (.text)
                  0000123c    0000003a     driverlib.lib : can.obj (.text:CANInit)
                  00001276    00000002     --HOLE-- [fill = 0]
                  00001278    00000038                   : sysctl.obj (.text:SysCtlPeripheralPresent)
                  000012b0    00000034                   : interrupt.obj (.text:IntRegister)
                  000012e4    00000034                   : sysctl.obj (.text:SysCtlPeripheralEnable)
                  00001318    00000034     rtsv7M4_T_le_v4SPD16_eabi.lib : boot_cortex_m.c.obj (.text:_c_int00_noargs:_c_int00_noargs)
                  0000134c    0000002c     driverlib.lib : gpio.obj (.text:GPIODirModeSet)
                  00001378    0000002a                   : can.obj (.text:_CANDataRegRead)
                  000013a2    00000024                   : can.obj (.text:_CANDataRegWrite)
                  000013c6    00000022                   : can.obj (.text:CANIntClear)
                  000013e8    00000020                   : can.obj (.text:CANIntStatus)
                  00001408    00000020                   : uart.obj (.text:UARTDisable)
                  00001428    0000001c     rtsv7M4_T_le_v4SPD16_eabi.lib : copy_zero_init.c.obj (.text:decompress:ZI:__TI_zero_init_nomemset:__TI_zero_init_nomemset)
                  00001444    00000018     driverlib.lib : can.obj (.text:CANIntRegister)
                  0000145c    00000016                   : gpio.obj (.text:GPIOPinTypeCAN)
                  00001472    00000016                   : gpio.obj (.text:GPIOPinTypeUART)
                  00001488    00000014                   : uart.obj (.text:UARTEnable)
                  0000149c    0000000e     rtsv7M4_T_le_v4SPD16_eabi.lib : copy_decompress_none.c.obj (.text:decompress:none:__TI_decompress_none)
                  000014aa    0000000c     tm4c123gh6pm_startup_ccs.obj (.text)
                  000014b6    0000000a     driverlib.lib : can.obj (.text:CANEnable)
                  000014c0    0000000a                   : uart.obj (.text:UARTCharGet)
                  000014ca    0000000a                   : uart.obj (.text:UARTCharPut)
                  000014d4    00000008                   : can.obj (.text:CANIntEnable)
                  000014dc    00000006                   : sysctl.obj (.text:SysCtlDelay)
                  000014e2    00000006                   : uart.obj (.text:UARTClockSourceSet)
                  000014e8    00000004     rtsv7M4_T_le_v4SPD16_eabi.lib : pre_init.c.obj (.text:_system_pre_init)
                  000014ec    00000004                                   : exit.c.obj (.text:abort:abort)

.const     0    000014f0    00000160     
                  000014f0    00000090     driverlib.lib : gpio.obj (.const:g_pui32GPIOBaseAddrs)
                  00001580    0000006c                   : sysctl.obj (.const:g_pui32Xtals)
                  000015ec    00000020                   : can.obj (.const:g_ui16CANBitValues)
                  0000160c    00000014                   : interrupt.obj (.const:g_pui32EnRegs)
                  00001620    00000012     uartstdio.obj (.const:.string)
                  00001632    00000002     --HOLE-- [fill = 0]
                  00001634    0000000c     uartstdio.obj (.const:g_ui32UARTBase)
                  00001640    0000000c     uartstdio.obj (.const:g_ui32UARTPeriph)
                  0000164c    00000004     uartstdio.obj (.const)

.cinit     0    00001650    00000040     
                  00001650    0000000c     (__TI_handler_table)
                  0000165c    00000004     --HOLE-- [fill = 0]
                  00001660    00000008     (.cinit..bss.load) [load image, compression = zero_init]
                  00001668    00000008     (.cinit..vtable.load) [load image, compression = zero_init]
                  00001670    00000007     (.cinit..data.load) [load image, compression = lzss]
                  00001677    00000001     --HOLE-- [fill = 0]
                  00001678    00000018     (__TI_cinit_table)

.init_array 
*          0    00000000    00000000     UNINITIALIZED

.vtable    0    20000000    0000026c     UNINITIALIZED
                  20000000    0000026c     driverlib.lib : interrupt.obj (.vtable)

.bss       0    20000470    00000018     UNINITIALIZED
                  20000470    00000014     (.common:rxMessage)
                  20000484    00000004     (.common:rxData)

.data      0    20000488    00000005     UNINITIALIZED
                  20000488    00000005     uartstdio.obj (.data)

.stack     0    20000270    00000200     UNINITIALIZED
                  20000270    00000004     rtsv7M4_T_le_v4SPD16_eabi.lib : boot_cortex_m.c.obj (.stack)
                  20000274    000001fc     --HOLE--

MODULE SUMMARY

       Module                         code   ro data   rw data
       ------                         ----   -------   -------
    .\
       uartstdio.obj                  1192   46        5      
       tm4c123gh6pm_startup_ccs.obj   12     620       0      
       main.obj                       536    0         24     
    +--+------------------------------+------+---------+---------+
       Total:                         1740   666       29     
                                                              
    C:/ti/TivaWare_C_Series-2.2.0.295/driverlib/ccs/Debug/driverlib.lib
       can.obj                        1030   32        0      
       interrupt.obj                  156    20        620    
       sysctl.obj                     638    108       0      
       gpio.obj                       528    144       0      
       uart.obj                       148    0         0      
    +--+------------------------------+------+---------+---------+
       Total:                         2500   304       620    
                                                              
    C:\ti\ccs920\ccs\tools\compiler\ti-cgt-arm_18.12.3.LTS\lib\rtsv7M4_T_le_v4SPD16_eabi.lib
       memcpy_t2.asm.obj              156    0         0      
       copy_decompress_lzss.c.obj     104    0         0      
       autoinit.c.obj                 68     0         0      
       u_divt2.asm.obj                64     0         0      
       boot_cortex_m.c.obj            52     0         0      
       copy_zero_init.c.obj           28     0         0      
       copy_decompress_none.c.obj     14     0         0      
       exit.c.obj                     4      0         0      
       pre_init.c.obj                 4      0         0      
       div0.asm.obj                   2      0         0      
    +--+------------------------------+------+---------+---------+
       Total:                         496    0         0      
                                                              
       Stack:                         0      0         512    
       Linker Generated:              0      59        0      
    +--+------------------------------+------+---------+---------+
       Grand Total:                   4736   1029      1161   


LINKER GENERATED COPY TABLES

__TI_cinit_table @ 00001678 records: 3, size/record: 8, table size: 24
	.bss: load addr=00001660, load size=00000008 bytes, run addr=20000470, run size=00000018 bytes, compression=zero_init
	.vtable: load addr=00001668, load size=00000008 bytes, run addr=20000000, run size=0000026c bytes, compression=zero_init
	.data: load addr=00001670, load size=00000007 bytes, run addr=20000488, run size=00000005 bytes, compression=lzss


LINKER GENERATED HANDLER TABLE

__TI_handler_table @ 00001650 records: 3, size/record: 4, table size: 12
	index: 0, handler: __TI_zero_init
	index: 1, handler: __TI_decompress_lzss
	index: 2, handler: __TI_decompress_none


GLOBAL SYMBOLS: SORTED ALPHABETICALLY BY Name 

address   name                          
-------   ----                          
000014ed  C$$EXIT                       
00000f8d  CANBitRateSet                 
000014b7  CANEnable                     
0000123d  CANInit                       
000013c7  CANIntClear                   
000014d5  CANIntEnable                  
00000715  CANIntHandler                 
00001445  CANIntRegister                
000013e9  CANIntStatus                  
00000ce5  CANMessageGet                 
00000a99  CANMessageSet                 
0000134d  GPIODirModeSet                
0000092d  GPIOPadConfigSet              
00001125  GPIOPinConfigure              
0000145d  GPIOPinTypeCAN                
00001473  GPIOPinTypeUART               
000007cb  InitCAN                       
00000783  InitUART                      
00000ff9  IntEnable                     
000012b1  IntRegister                   
000014ab  ResetISR                      
00000831  SetupRxObject                 
00000bcd  SysCtlClockGet                
00000dfd  SysCtlClockSet                
000014dd  SysCtlDelay                   
000012e5  SysCtlPeripheralEnable        
00001279  SysCtlPeripheralPresent       
000014c1  UARTCharGet                   
000014cb  UARTCharPut                   
000014e3  UARTClockSourceSet            
00001171  UARTConfigSetExpClk           
00001409  UARTDisable                   
00001489  UARTEnable                    
0000026d  UARTStdioConfig               
000003bd  UARTgetc                      
00000303  UARTgets                      
000006df  UARTprintf                    
000003e5  UARTvprintf                   
000002b3  UARTwrite                     
20000470  __STACK_END                   
00000200  __STACK_SIZE                  
20000470  __STACK_TOP                   
00001678  __TI_CINIT_Base               
00001690  __TI_CINIT_Limit              
00001650  __TI_Handler_Table_Base       
0000165c  __TI_Handler_Table_Limit      
000011b9  __TI_auto_init_nobinit_nopinit
00001061  __TI_decompress_lzss          
0000149d  __TI_decompress_none          
ffffffff  __TI_pprof_out_hndl           
ffffffff  __TI_prof_data_size           
ffffffff  __TI_prof_data_start          
00000000  __TI_static_base__            
00001429  __TI_zero_init_nomemset       
00000dfb  __aeabi_idiv0                 
00000dfb  __aeabi_ldiv0                 
00000ef1  __aeabi_memcpy                
00000ef1  __aeabi_memcpy4               
00000ef1  __aeabi_memcpy8               
000011fd  __aeabi_uidiv                 
000011fd  __aeabi_uidivmod              
ffffffff  __binit__                     
ffffffff  __c_args__                    
UNDEFED   __mpu_init                    
20000270  __stack                       
00001319  _c_int00_noargs               
UNDEFED   _system_post_cinit            
000014e9  _system_pre_init              
000014ed  abort                         
ffffffff  binit                         
20000000  g_pfnRAMVectors               
00000000  g_pfnVectors                  
00000861  main                          
00000ef1  memcpy                        
20000484  rxData                        
20000470  rxMessage                     


GLOBAL SYMBOLS: SORTED BY Symbol Address 

address   name                          
-------   ----                          
00000000  __TI_static_base__            
00000000  g_pfnVectors                  
00000200  __STACK_SIZE                  
0000026d  UARTStdioConfig               
000002b3  UARTwrite                     
00000303  UARTgets                      
000003bd  UARTgetc                      
000003e5  UARTvprintf                   
000006df  UARTprintf                    
00000715  CANIntHandler                 
00000783  InitUART                      
000007cb  InitCAN                       
00000831  SetupRxObject                 
00000861  main                          
0000092d  GPIOPadConfigSet              
00000a99  CANMessageSet                 
00000bcd  SysCtlClockGet                
00000ce5  CANMessageGet                 
00000dfb  __aeabi_idiv0                 
00000dfb  __aeabi_ldiv0                 
00000dfd  SysCtlClockSet                
00000ef1  __aeabi_memcpy                
00000ef1  __aeabi_memcpy4               
00000ef1  __aeabi_memcpy8               
00000ef1  memcpy                        
00000f8d  CANBitRateSet                 
00000ff9  IntEnable                     
00001061  __TI_decompress_lzss          
00001125  GPIOPinConfigure              
00001171  UARTConfigSetExpClk           
000011b9  __TI_auto_init_nobinit_nopinit
000011fd  __aeabi_uidiv                 
000011fd  __aeabi_uidivmod              
0000123d  CANInit                       
00001279  SysCtlPeripheralPresent       
000012b1  IntRegister                   
000012e5  SysCtlPeripheralEnable        
00001319  _c_int00_noargs               
0000134d  GPIODirModeSet                
000013c7  CANIntClear                   
000013e9  CANIntStatus                  
00001409  UARTDisable                   
00001429  __TI_zero_init_nomemset       
00001445  CANIntRegister                
0000145d  GPIOPinTypeCAN                
00001473  GPIOPinTypeUART               
00001489  UARTEnable                    
0000149d  __TI_decompress_none          
000014ab  ResetISR                      
000014b7  CANEnable                     
000014c1  UARTCharGet                   
000014cb  UARTCharPut                   
000014d5  CANIntEnable                  
000014dd  SysCtlDelay                   
000014e3  UARTClockSourceSet            
000014e9  _system_pre_init              
000014ed  C$$EXIT                       
000014ed  abort                         
00001650  __TI_Handler_Table_Base       
0000165c  __TI_Handler_Table_Limit      
00001678  __TI_CINIT_Base               
00001690  __TI_CINIT_Limit              
20000000  g_pfnRAMVectors               
20000270  __stack                       
20000470  __STACK_END                   
20000470  __STACK_TOP                   
20000470  rxMessage                     
20000484  rxData                        
ffffffff  __TI_pprof_out_hndl           
ffffffff  __TI_prof_data_size           
ffffffff  __TI_prof_data_start          
ffffffff  __binit__                     
ffffffff  __c_args__                    
ffffffff  binit                         
UNDEFED   __mpu_init                    
UNDEFED   _system_post_cinit            

[76 symbols]
